stm32f4xx_it.c:104:6:NMI_Handler	8	static
stm32f4xx_it.c:120:6:HardFault_Handler	16	static,ignoring_inline_asm
stm32f4xx_it.c:152:6:MemManage_Handler	4	static
stm32f4xx_it.c:167:6:BusFault_Handler	4	static
stm32f4xx_it.c:182:6:UsageFault_Handler	4	static
stm32f4xx_it.c:197:6:DebugMon_Handler	4	static
stm32f4xx_it.c:217:6:DMA1_Stream2_IRQHandler	8	static
stm32f4xx_it.c:231:6:DMA1_Stream5_IRQHandler	8	static
stm32f4xx_it.c:245:6:TIM1_UP_TIM10_IRQHandler	8	static
stm32f4xx_it.c:259:6:TIM4_IRQHandler	8	static
stm32f4xx_it.c:273:6:USART2_IRQHandler	8	static
stm32f4xx_it.c:287:6:UART4_IRQHandler	24	static
stm32f4xx_it.c:319:6:TIM7_IRQHandler	8	static
stm32f4xx_it.c:333:6:ETH_IRQHandler	8	static
stm32f4xx_it.c:347:6:HardFault_Send_str	24	static
stm32f4xx_it.c:353:6:HardFault_Send_json	32	static
stm32f4xx_it.c:375:6:OSHardFault_Handler	72	static
