cJSON.c:38:13:cJSON_GetErrorPtr	4	static
cJSON.c:40:12:cJSON_strcasecmp	24	static
cJSON.c:50:14:cJSON_strdup	24	static
cJSON.c:61:6:cJSON_InitHooks	16	static
cJSON.c:74:15:cJSON_New_Item	16	static
cJSON.c:82:6:cJSON_Delete	24	static
cJSON.c:97:20:parse_number	56	static
cJSON.c:118:12:pow2gt	16	static
cJSON.c:122:14:ensure	24	static
cJSON.c:139:12:update	32	static
cJSON.c:148:14:print_number	72	static
cJSON.c:178:17:parse_hex4	24	static
cJSON.c:193:20:parse_string	40	static
cJSON.c:253:14:print_string_ptr	40	static
cJSON.c:310:14:print_string	16	static
cJSON.c:321:20:skip	16	static
cJSON.c:324:8:cJSON_ParseWithOpts	32	static
cJSON.c:340:8:cJSON_Parse	16	static
cJSON.c:343:7:cJSON_Print	16	static
cJSON.c:344:7:cJSON_PrintUnformatted	16	static
cJSON.c:346:7:cJSON_PrintBuffered	40	static
cJSON.c:358:20:parse_value	16	static
cJSON.c:373:14:print_value	32	static
cJSON.c:407:20:parse_array	24	static
cJSON.c:435:14:print_array	64	static
cJSON.c:515:20:parse_object	24	static
cJSON.c:551:14:print_object	88	static
cJSON.c:662:8:cJSON_GetArraySize	24	static
cJSON.c:663:8:cJSON_GetArrayItem	24	static
cJSON.c:664:8:cJSON_GetObjectItem	24	static
cJSON.c:667:13:suffix_object	16	static
cJSON.c:669:15:create_reference	24	static
cJSON.c:672:8:cJSON_AddItemToArray	24	static
cJSON.c:673:8:cJSON_AddItemToObject	24	static
cJSON.c:674:8:cJSON_AddItemToObjectCS	24	static
cJSON.c:675:6:cJSON_AddItemReferenceToArray	16	static
cJSON.c:676:6:cJSON_AddItemReferenceToObject	24	static
cJSON.c:678:8:cJSON_DetachItemFromArray	24	static
cJSON.c:680:8:cJSON_DeleteItemFromArray	16	static
cJSON.c:681:8:cJSON_DetachItemFromObject	24	static
cJSON.c:682:8:cJSON_DeleteItemFromObject	16	static
cJSON.c:685:8:cJSON_InsertItemInArray	32	static
cJSON.c:687:8:cJSON_ReplaceItemInArray	32	static
cJSON.c:690:8:cJSON_ReplaceItemInObject	32	static
cJSON.c:693:8:cJSON_CreateNull	16	static
cJSON.c:694:8:cJSON_CreateTrue	16	static
cJSON.c:695:8:cJSON_CreateFalse	16	static
cJSON.c:696:8:cJSON_CreateBool	24	static
cJSON.c:697:8:cJSON_CreateNumber	24	static
cJSON.c:698:8:cJSON_CreateString	24	static
cJSON.c:699:8:cJSON_CreateArray	16	static
cJSON.c:700:8:cJSON_CreateObject	16	static
cJSON.c:703:8:cJSON_CreateIntArray	32	static
cJSON.c:704:8:cJSON_CreateFloatArray	32	static
cJSON.c:705:8:cJSON_CreateDoubleArray	32	static
cJSON.c:706:8:cJSON_CreateStringArray	32	static
cJSON.c:709:8:cJSON_Duplicate	32	static
cJSON.c:736:6:cJSON_Minify	24	static
