boardConfig.c:29:6:isFirstBoot	16	static
boardConfig.c:40:6:saveConfig	16	static
boardConfig.c:46:16:readConfig	8	static
boardConfig.c:53:6:LoadDefaultConfig	16	static
boardConfig.c:112:13:UartSendBytes	24	static
boardConfig.c:122:16:ModBusCRC	32	static
boardConfig.c:143:13:localipStrHandler	144	static
boardConfig.c:261:13:analogStrHandler	408	static
boardConfig.c:419:13:macStrHandler	24	static
boardConfig.c:433:13:wifiStrHandler	88	static
boardConfig.c:463:13:Set_Handle	96	static
boardConfig.c:533:8:Set_radar	16	static
boardConfig.c:538:13:serveripStrHandler	112	static
boardConfig.c:595:13:wifiserveripStrHandler	96	static
boardConfig.c:635:13:sd2078rtcStrHandler	168	static
boardConfig.c:712:13:strHandler	24	static
boardConfig.c:739:13:handler_1	16	static
boardConfig.c:744:13:handler_2	16	static
boardConfig.c:749:13:handler_3	16	static
boardConfig.c:768:6:configHandler	120	static
boardConfig.c:795:6:configRecv	16	static
