tcpServer.c:124:6:tcpServerTask	240	static
tcpServer.c:294:6:print_hex	24	static
tcpServer.c:306:6:wifiClientTask	32	static
tcpServer.c:431:6:wifi_uart_send	16	static
tcpServer.c:436:6:at_reset_send	8	static
tcpServer.c:442:6:at_cwmode_get_send	8	static
tcpServer.c:448:6:at_cwmode_set_send	8	static
tcpServer.c:453:6:at_cipmode_get_send	8	static
tcpServer.c:458:6:at_cipmode_set_send	8	static
tcpServer.c:463:6:at_cifsr_send	8	static
tcpServer.c:469:6:at_cipstatus_send	8	static
tcpServer.c:474:6:at_cwjap_send	8	static
tcpServer.c:480:6:at_cipstart_send	8	static
tcpServer.c:487:6:at_cipsend_send	8	static
tcpServer.c:492:6:at_cipsendip_send	8	static
tcpServer.c:497:6:at_plus3_send	8	static
tcpServer.c:502:6:at_modbus_send_data	32	static
tcpServer.c:537:6:wifi_at_send	8	static
tcpServer.c:602:16:str_cmp	32	static
tcpServer.c:627:16:str_cmp2	32	static
tcpServer.c:652:16:string_compare	32	static
tcpServer.c:684:9:at_cwmode_get_proc	32	static
tcpServer.c:701:9:at_cipmode_get_proc	32	static
tcpServer.c:717:9:at_cifsr_proc	32	static
tcpServer.c:737:9:at_cipstatus_proc	32	static
tcpServer.c:765:9:at_cipsend_proc	32	static
tcpServer.c:784:6:at_modbus_recv_data	32	static
tcpServer.c:810:6:wifi_at_proc	48	static
tcpServer.c:864:27:getModbusCRC16	24	static
