Archive member included to satisfy reference by file (symbol)

c:/st/stm32cubeide_1.8.0/stm32cubeide/plugins/com.st.stm32cube.ide.mcu.externaltools.gnu-tools-for-stm32.9-2020-q2-update.win32_2.0.0.202105311346/tools/bin/../lib/gcc/arm-none-eabi/9.3.1/../../../../arm-none-eabi/lib/thumb/v7e-m+fp/hard\libc_nano.a(lib_a-atoi.o)
                              ./Middlewares/Third_Party/LwIP/src/core/netif.o (atoi)
c:/st/stm32cubeide_1.8.0/stm32cubeide/plugins/com.st.stm32cube.ide.mcu.externaltools.gnu-tools-for-stm32.9-2020-q2-update.win32_2.0.0.202105311346/tools/bin/../lib/gcc/arm-none-eabi/9.3.1/../../../../arm-none-eabi/lib/thumb/v7e-m+fp/hard\libc_nano.a(lib_a-ctype_.o)
                              ./Middlewares/Third_Party/LwIP/src/core/ipv4/ip4_addr.o (_ctype_)
c:/st/stm32cubeide_1.8.0/stm32cubeide/plugins/com.st.stm32cube.ide.mcu.externaltools.gnu-tools-for-stm32.9-2020-q2-update.win32_2.0.0.202105311346/tools/bin/../lib/gcc/arm-none-eabi/9.3.1/../../../../arm-none-eabi/lib/thumb/v7e-m+fp/hard\libc_nano.a(lib_a-exit.o)
                              c:/st/stm32cubeide_1.8.0/stm32cubeide/plugins/com.st.stm32cube.ide.mcu.externaltools.gnu-tools-for-stm32.9-2020-q2-update.win32_2.0.0.202105311346/tools/bin/../lib/gcc/arm-none-eabi/9.3.1/../../../../arm-none-eabi/lib/thumb/v7e-m+fp/hard/crt0.o (exit)
c:/st/stm32cubeide_1.8.0/stm32cubeide/plugins/com.st.stm32cube.ide.mcu.externaltools.gnu-tools-for-stm32.9-2020-q2-update.win32_2.0.0.202105311346/tools/bin/../lib/gcc/arm-none-eabi/9.3.1/../../../../arm-none-eabi/lib/thumb/v7e-m+fp/hard\libc_nano.a(lib_a-findfp.o)
                              ./Middlewares/Third_Party/FreeRTOS/Source/tasks.o (__sf_fake_stderr)
c:/st/stm32cubeide_1.8.0/stm32cubeide/plugins/com.st.stm32cube.ide.mcu.externaltools.gnu-tools-for-stm32.9-2020-q2-update.win32_2.0.0.202105311346/tools/bin/../lib/gcc/arm-none-eabi/9.3.1/../../../../arm-none-eabi/lib/thumb/v7e-m+fp/hard\libc_nano.a(lib_a-fwalk.o)
                              c:/st/stm32cubeide_1.8.0/stm32cubeide/plugins/com.st.stm32cube.ide.mcu.externaltools.gnu-tools-for-stm32.9-2020-q2-update.win32_2.0.0.202105311346/tools/bin/../lib/gcc/arm-none-eabi/9.3.1/../../../../arm-none-eabi/lib/thumb/v7e-m+fp/hard\libc_nano.a(lib_a-findfp.o) (_fwalk)
c:/st/stm32cubeide_1.8.0/stm32cubeide/plugins/com.st.stm32cube.ide.mcu.externaltools.gnu-tools-for-stm32.9-2020-q2-update.win32_2.0.0.202105311346/tools/bin/../lib/gcc/arm-none-eabi/9.3.1/../../../../arm-none-eabi/lib/thumb/v7e-m+fp/hard\libc_nano.a(lib_a-impure.o)
                              c:/st/stm32cubeide_1.8.0/stm32cubeide/plugins/com.st.stm32cube.ide.mcu.externaltools.gnu-tools-for-stm32.9-2020-q2-update.win32_2.0.0.202105311346/tools/bin/../lib/gcc/arm-none-eabi/9.3.1/../../../../arm-none-eabi/lib/thumb/v7e-m+fp/hard\libc_nano.a(lib_a-exit.o) (_global_impure_ptr)
c:/st/stm32cubeide_1.8.0/stm32cubeide/plugins/com.st.stm32cube.ide.mcu.externaltools.gnu-tools-for-stm32.9-2020-q2-update.win32_2.0.0.202105311346/tools/bin/../lib/gcc/arm-none-eabi/9.3.1/../../../../arm-none-eabi/lib/thumb/v7e-m+fp/hard\libc_nano.a(lib_a-init.o)
                              c:/st/stm32cubeide_1.8.0/stm32cubeide/plugins/com.st.stm32cube.ide.mcu.externaltools.gnu-tools-for-stm32.9-2020-q2-update.win32_2.0.0.202105311346/tools/bin/../lib/gcc/arm-none-eabi/9.3.1/../../../../arm-none-eabi/lib/thumb/v7e-m+fp/hard/crt0.o (__libc_init_array)
c:/st/stm32cubeide_1.8.0/stm32cubeide/plugins/com.st.stm32cube.ide.mcu.externaltools.gnu-tools-for-stm32.9-2020-q2-update.win32_2.0.0.202105311346/tools/bin/../lib/gcc/arm-none-eabi/9.3.1/../../../../arm-none-eabi/lib/thumb/v7e-m+fp/hard\libc_nano.a(lib_a-lock.o)
                              c:/st/stm32cubeide_1.8.0/stm32cubeide/plugins/com.st.stm32cube.ide.mcu.externaltools.gnu-tools-for-stm32.9-2020-q2-update.win32_2.0.0.202105311346/tools/bin/../lib/gcc/arm-none-eabi/9.3.1/../../../../arm-none-eabi/lib/thumb/v7e-m+fp/hard\libc_nano.a(lib_a-findfp.o) (__retarget_lock_init_recursive)
c:/st/stm32cubeide_1.8.0/stm32cubeide/plugins/com.st.stm32cube.ide.mcu.externaltools.gnu-tools-for-stm32.9-2020-q2-update.win32_2.0.0.202105311346/tools/bin/../lib/gcc/arm-none-eabi/9.3.1/../../../../arm-none-eabi/lib/thumb/v7e-m+fp/hard\libc_nano.a(lib_a-memcmp.o)
                              ./Middlewares/Third_Party/LwIP/src/netif/bridgeif_fdb.o (memcmp)
c:/st/stm32cubeide_1.8.0/stm32cubeide/plugins/com.st.stm32cube.ide.mcu.externaltools.gnu-tools-for-stm32.9-2020-q2-update.win32_2.0.0.202105311346/tools/bin/../lib/gcc/arm-none-eabi/9.3.1/../../../../arm-none-eabi/lib/thumb/v7e-m+fp/hard\libc_nano.a(lib_a-memcpy-stub.o)
                              ./Core/Src/main.o (memcpy)
c:/st/stm32cubeide_1.8.0/stm32cubeide/plugins/com.st.stm32cube.ide.mcu.externaltools.gnu-tools-for-stm32.9-2020-q2-update.win32_2.0.0.202105311346/tools/bin/../lib/gcc/arm-none-eabi/9.3.1/../../../../arm-none-eabi/lib/thumb/v7e-m+fp/hard\libc_nano.a(lib_a-memmove.o)
[...]
Memory Configuration

Name             Origin             Length             Attributes
CCMRAM           0x0000000010000000 0x0000000000010000 xrw
RAM              0x0000000020000000 0x0000000000020000 xrw
FLASH            0x0000000008000000 0x0000000000080000 xr
*default*        0x0000000000000000 0xffffffffffffffff

Linker script and memory map

LOAD c:/st/stm32cubeide_1.8.0/stm32cubeide/plugins/com.st.stm32cube.ide.mcu.externaltools.gnu-tools-for-stm32.9-2020-q2-update.win32_2.0.0.202105311346/tools/bin/../lib/gcc/arm-none-eabi/9.3.1/thumb/v7e-m+fp/hard/crti.o
LOAD c:/st/stm32cubeide_1.8.0/stm32cubeide/plugins/com.st.stm32cube.ide.mcu.externaltools.gnu-tools-for-stm32.9-2020-q2-update.win32_2.0.0.202105311346/tools/bin/../lib/gcc/arm-none-eabi/9.3.1/thumb/v7e-m+fp/hard/crtbegin.o
LOAD c:/st/stm32cubeide_1.8.0/stm32cubeide/plugins/com.st.stm32cube.ide.mcu.externaltools.gnu-tools-for-stm32.9-2020-q2-update.win32_2.0.0.202105311346/tools/bin/../lib/gcc/arm-none-eabi/9.3.1/../../../../arm-none-eabi/lib/thumb/v7e-m+fp/hard/crt0.o
LOAD ./Core/Src/freertos.o
LOAD ./Core/Src/main.o
LOAD ./Core/Src/md5.o
LOAD ./Core/Src/stm32f4xx_hal_msp.o
LOAD ./Core/Src/stm32f4xx_it.o
LOAD ./Core/Src/syscalls.o
LOAD ./Core/Src/sysmem.o
LOAD ./Core/Src/system_stm32f4xx.o
LOAD ./Core/Startup/startup_stm32f407vetx.o
LOAD ./Drivers/STM32F4xx_HAL_Driver/Src/stm32f4xx_hal.o
LOAD ./Drivers/STM32F4xx_HAL_Driver/Src/stm32f4xx_hal_cortex.o
LOAD ./Drivers/STM32F4xx_HAL_Driver/Src/stm32f4xx_hal_dma.o
LOAD ./Drivers/STM32F4xx_HAL_Driver/Src/stm32f4xx_hal_dma_ex.o
LOAD ./Drivers/STM32F4xx_HAL_Driver/Src/stm32f4xx_hal_eth.o
LOAD ./Drivers/STM32F4xx_HAL_Driver/Src/stm32f4xx_hal_exti.o
LOAD ./Drivers/STM32F4xx_HAL_Driver/Src/stm32f4xx_hal_flash.o
LOAD ./Drivers/STM32F4xx_HAL_Driver/Src/stm32f4xx_hal_flash_ex.o
LOAD ./Drivers/STM32F4xx_HAL_Driver/Src/stm32f4xx_hal_flash_ramfunc.o
LOAD ./Drivers/STM32F4xx_HAL_Driver/Src/stm32f4xx_hal_gpio.o
LOAD ./Drivers/STM32F4xx_HAL_Driver/Src/stm32f4xx_hal_pwr.o
LOAD ./Drivers/STM32F4xx_HAL_Driver/Src/stm32f4xx_hal_pwr_ex.o
LOAD ./Drivers/STM32F4xx_HAL_Driver/Src/stm32f4xx_hal_rcc.o
LOAD ./Drivers/STM32F4xx_HAL_Driver/Src/stm32f4xx_hal_rcc_ex.o
LOAD ./Drivers/STM32F4xx_HAL_Driver/Src/stm32f4xx_hal_tim.o
LOAD ./Drivers/STM32F4xx_HAL_Driver/Src/stm32f4xx_hal_tim_ex.o
LOAD ./Drivers/STM32F4xx_HAL_Driver/Src/stm32f4xx_hal_uart.o
LOAD ./LWIP/App/lwip.o
LOAD ./LWIP/Target/ethernetif.o
LOAD ./Middlewares/Third_Party/FreeRTOS/Source/CMSIS_RTOS_V2/cmsis_os2.o
LOAD ./Middlewares/Third_Party/FreeRTOS/Source/croutine.o
LOAD ./Middlewares/Third_Party/FreeRTOS/Source/event_groups.o
LOAD ./Middlewares/Third_Party/FreeRTOS/Source/list.o
LOAD ./Middlewares/Third_Party/FreeRTOS/Source/queue.o
LOAD ./Middlewares/Third_Party/FreeRTOS/Source/stream_buffer.o
LOAD ./Middlewares/Third_Party/FreeRTOS/Source/tasks.o
LOAD ./Middlewares/Third_Party/FreeRTOS/Source/timers.o
LOAD ./Middlewares/Third_Party/FreeRTOS/Source/portable/GCC/ARM_CM4F/port.o
LOAD ./Middlewares/Third_Party/FreeRTOS/Source/portable/MemMang/heap_4.o
LOAD ./Middlewares/Third_Party/LwIP/src/api/api_lib.o
LOAD ./Middlewares/Third_Party/LwIP/src/api/api_msg.o
LOAD ./Middlewares/Third_Party/LwIP/src/api/err.o
LOAD ./Middlewares/Third_Party/LwIP/src/api/if_api.o
LOAD ./Middlewares/Third_Party/LwIP/src/api/netbuf.o
LOAD ./Middlewares/Third_Party/LwIP/src/api/netdb.o
LOAD ./Middlewares/Third_Party/LwIP/src/api/netifapi.o
LOAD ./Middlewares/Third_Party/LwIP/src/api/sockets.o
LOAD ./Middlewares/Third_Party/LwIP/src/api/tcpip.o
LOAD ./Middlewares/Third_Party/LwIP/src/apps/mqtt/mqtt.o
LOAD ./Middlewares/Third_Party/LwIP/src/apps/tftp/tftp_server.o
LOAD ./Middlewares/Third_Party/LwIP/src/core/altcp.o
LOAD ./Middlewares/Third_Party/LwIP/src/core/altcp_alloc.o
LOAD ./Middlewares/Third_Party/LwIP/src/core/altcp_tcp.o
LOAD ./Middlewares/Third_Party/LwIP/src/core/def.o
LOAD ./Middlewares/Third_Party/LwIP/src/core/dns.o
LOAD ./Middlewares/Third_Party/LwIP/src/core/inet_chksum.o
LOAD ./Middlewares/Third_Party/LwIP/src/core/init.o
LOAD ./Middlewares/Third_Party/LwIP/src/core/ip.o
LOAD ./Middlewares/Third_Party/LwIP/src/core/mem.o
LOAD ./Middlewares/Third_Party/LwIP/src/core/memp.o
LOAD ./Middlewares/Third_Party/LwIP/src/core/netif.o
LOAD ./Middlewares/Third_Party/LwIP/src/core/pbuf.o
LOAD ./Middlewares/Third_Party/LwIP/src/core/raw.o
LOAD ./Middlewares/Third_Party/LwIP/src/core/stats.o
LOAD ./Middlewares/Third_Party/LwIP/src/core/sys.o
LOAD ./Middlewares/Third_Party/LwIP/src/core/tcp.o
LOAD ./Middlewares/Third_Party/LwIP/src/core/tcp_in.o
LOAD ./Middlewares/Third_Party/LwIP/src/core/tcp_out.o
LOAD ./Middlewares/Third_Party/LwIP/src/core/timeouts.o
LOAD ./Middlewares/Third_Party/LwIP/src/core/udp.o
LOAD ./Middlewares/Third_Party/LwIP/src/core/ipv4/autoip.o
LOAD ./Middlewares/Third_Party/LwIP/src/core/ipv4/dhcp.o
LOAD ./Middlewares/Third_Party/LwIP/src/core/ipv4/etharp.o
LOAD ./Middlewares/Third_Party/LwIP/src/core/ipv4/icmp.o
LOAD ./Middlewares/Third_Party/LwIP/src/core/ipv4/igmp.o
LOAD ./Middlewares/Third_Party/LwIP/src/core/ipv4/ip4.o
LOAD ./Middlewares/Third_Party/LwIP/src/core/ipv4/ip4_addr.o
LOAD ./Middlewares/Third_Party/LwIP/src/core/ipv4/ip4_frag.o
LOAD ./Middlewares/Third_Party/LwIP/src/core/ipv6/dhcp6.o
LOAD ./Middlewares/Third_Party/LwIP/src/core/ipv6/ethip6.o
LOAD ./Middlewares/Third_Party/LwIP/src/core/ipv6/icmp6.o
LOAD ./Middlewares/Third_Party/LwIP/src/core/ipv6/inet6.o
LOAD ./Middlewares/Third_Party/LwIP/src/core/ipv6/ip6.o
LOAD ./Middlewares/Third_Party/LwIP/src/core/ipv6/ip6_addr.o
LOAD ./Middlewares/Third_Party/LwIP/src/core/ipv6/ip6_frag.o
LOAD ./Middlewares/Third_Party/LwIP/src/core/ipv6/mld6.o
LOAD ./Middlewares/Third_Party/LwIP/src/core/ipv6/nd6.o
LOAD ./Middlewares/Third_Party/LwIP/src/netif/bridgeif.o
LOAD ./Middlewares/Third_Party/LwIP/src/netif/bridgeif_fdb.o
LOAD ./Middlewares/Third_Party/LwIP/src/netif/ethernet.o
LOAD ./Middlewares/Third_Party/LwIP/src/netif/lowpan6.o
LOAD ./Middlewares/Third_Party/LwIP/src/netif/lowpan6_ble.o
LOAD ./Middlewares/Third_Party/LwIP/src/netif/lowpan6_common.o
LOAD ./Middlewares/Third_Party/LwIP/src/netif/slipif.o
LOAD ./Middlewares/Third_Party/LwIP/src/netif/zepif.o
LOAD ./Middlewares/Third_Party/LwIP/src/netif/ppp/auth.o
LOAD ./Middlewares/Third_Party/LwIP/src/netif/ppp/ccp.o
LOAD ./Middlewares/Third_Party/LwIP/src/netif/ppp/chap-md5.o
LOAD ./Middlewares/Third_Party/LwIP/src/netif/ppp/chap-new.o
LOAD ./Middlewares/Third_Party/LwIP/src/netif/ppp/chap_ms.o
LOAD ./Middlewares/Third_Party/LwIP/src/netif/ppp/demand.o
LOAD ./Middlewares/Third_Party/LwIP/src/netif/ppp/eap.o
LOAD ./Middlewares/Third_Party/LwIP/src/netif/ppp/ecp.o
LOAD ./Middlewares/Third_Party/LwIP/src/netif/ppp/eui64.o
LOAD ./Middlewares/Third_Party/LwIP/src/netif/ppp/fsm.o
LOAD ./Middlewares/Third_Party/LwIP/src/netif/ppp/ipcp.o
LOAD ./Middlewares/Third_Party/LwIP/src/netif/ppp/ipv6cp.o
LOAD ./Middlewares/Third_Party/LwIP/src/netif/ppp/lcp.o
LOAD ./Middlewares/Third_Party/LwIP/src/netif/ppp/magic.o
LOAD ./Middlewares/Third_Party/LwIP/src/netif/ppp/mppe.o
LOAD ./Middlewares/Third_Party/LwIP/src/netif/ppp/multilink.o
LOAD ./Middlewares/Third_Party/LwIP/src/netif/ppp/ppp.o
LOAD ./Middlewares/Third_Party/LwIP/src/netif/ppp/pppapi.o
LOAD ./Middlewares/Third_Party/LwIP/src/netif/ppp/pppcrypt.o
LOAD ./Middlewares/Third_Party/LwIP/src/netif/ppp/pppoe.o
LOAD ./Middlewares/Third_Party/LwIP/src/netif/ppp/pppol2tp.o
LOAD ./Middlewares/Third_Party/LwIP/src/netif/ppp/pppos.o
LOAD ./Middlewares/Third_Party/LwIP/src/netif/ppp/upap.o
LOAD ./Middlewares/Third_Party/LwIP/src/netif/ppp/utils.o
LOAD ./Middlewares/Third_Party/LwIP/src/netif/ppp/vj.o
LOAD ./Middlewares/Third_Party/LwIP/system/OS/sys_arch.o
START GROUP
LOAD c:/st/stm32cubeide_1.8.0/stm32cubeide/plugins/com.st.stm32cube.ide.mcu.externaltools.gnu-tools-for-stm32.9-2020-q2-update.win32_2.0.0.202105311346/tools/bin/../lib/gcc/arm-none-eabi/9.3.1/../../../../arm-none-eabi/lib/thumb/v7e-m+fp/hard\libc_nano.a
LOAD c:/st/stm32cubeide_1.8.0/stm32cubeide/plugins/com.st.stm32cube.ide.mcu.externaltools.gnu-tools-for-stm32.9-2020-q2-update.win32_2.0.0.202105311346/tools/bin/../lib/gcc/arm-none-eabi/9.3.1/../../../../arm-none-eabi/lib/thumb/v7e-m+fp/hard\libm.a
END GROUP
START GROUP
LOAD c:/st/stm32cubeide_1.8.0/stm32cubeide/plugins/com.st.stm32cube.ide.mcu.externaltools.gnu-tools-for-stm32.9-2020-q2-update.win32_2.0.0.202105311346/tools/bin/../lib/gcc/arm-none-eabi/9.3.1/thumb/v7e-m+fp/hard\libgcc.a
LOAD c:/st/stm32cubeide_1.8.0/stm32cubeide/plugins/com.st.stm32cube.ide.mcu.externaltools.gnu-tools-for-stm32.9-2020-q2-update.win32_2.0.0.202105311346/tools/bin/../lib/gcc/arm-none-eabi/9.3.1/../../../../arm-none-eabi/lib/thumb/v7e-m+fp/hard\libc_nano.a
END GROUP
START GROUP
LOAD c:/st/stm32cubeide_1.8.0/stm32cubeide/plugins/com.st.stm32cube.ide.mcu.externaltools.gnu-tools-for-stm32.9-2020-q2-update.win32_2.0.0.202105311346/tools/bin/../lib/gcc/arm-none-eabi/9.3.1/thumb/v7e-m+fp/hard\libgcc.a
LOAD c:/st/stm32cubeide_1.8.0/stm32cubeide/plugins/com.st.stm32cube.ide.mcu.externaltools.gnu-tools-for-stm32.9-2020-q2-update.win32_2.0.0.202105311346/tools/bin/../lib/gcc/arm-none-eabi/9.3.1/../../../../arm-none-eabi/lib/thumb/v7e-m+fp/hard\libc_nano.a
LOAD c:/st/stm32cubeide_1.8.0/stm32cubeide/plugins/com.st.stm32cube.ide.mcu.externaltools.gnu-tools-for-stm32.9-2020-q2-update.win32_2.0.0.202105311346/tools/bin/../lib/gcc/arm-none-eabi/9.3.1/../../../../arm-none-eabi/lib/thumb/v7e-m+fp/hard\libnosys.a
END GROUP
START GROUP
LOAD c:/st/stm32cubeide_1.8.0/stm32cubeide/plugins/com.st.stm32cube.ide.mcu.externaltools.gnu-tools-for-stm32.9-2020-q2-update.win32_2.0.0.202105311346/tools/bin/../lib/gcc/arm-none-eabi/9.3.1/thumb/v7e-m+fp/hard\libgcc.a
LOAD c:/st/stm32cubeide_1.8.0/stm32cubeide/plugins/com.st.stm32cube.ide.mcu.externaltools.gnu-tools-for-stm32.9-2020-q2-update.win32_2.0.0.202105311346/tools/bin/../lib/gcc/arm-none-eabi/9.3.1/../../../../arm-none-eabi/lib/thumb/v7e-m+fp/hard\libc_nano.a
LOAD c:/st/stm32cubeide_1.8.0/stm32cubeide/plugins/com.st.stm32cube.ide.mcu.externaltools.gnu-tools-for-stm32.9-2020-q2-update.win32_2.0.0.202105311346/tools/bin/../lib/gcc/arm-none-eabi/9.3.1/../../../../arm-none-eabi/lib/thumb/v7e-m+fp/hard\libnosys.a
END GROUP
LOAD c:/st/stm32cubeide_1.8.0/stm32cubeide/plugins/com.st.stm32cube.ide.mcu.externaltools.gnu-tools-for-stm32.9-2020-q2-update.win32_2.0.0.202105311346/tools/bin/../lib/gcc/arm-none-eabi/9.3.1/thumb/v7e-m+fp/hard/crtend.o
LOAD c:/st/stm32cubeide_1.8.0/stm32cubeide/plugins/com.st.stm32cube.ide.mcu.externaltools.gnu-tools-for-stm32.9-2020-q2-update.win32_2.0.0.202105311346/tools/bin/../lib/gcc/arm-none-eabi/9.3.1/thumb/v7e-m+fp/hard/crtn.o
                0x0000000020020000                _estack = (ORIGIN (RAM) + LENGTH (RAM))
                0x0000000000000200                _Min_Heap_Size = 0x200
                0x0000000000000400                _Min_Stack_Size = 0x400

.isr_vector     0x0000000008000000      0x188
                0x0000000008000000                . = ALIGN (0x4)
 *(.isr_vector)
 .isr_vector    0x0000000008000000      0x188 ./Core/Startup/startup_stm32f407vetx.o
                0x0000000008000000                g_pfnVectors
                0x0000000008000188                . = ALIGN (0x4)

.text           0x0000000008000190     0xeba0
                0x0000000008000190                . = ALIGN (0x4)
 *(.text)
 .text          0x0000000008000190       0x40 c:/st/stm32cubeide_1.8.0/stm32cubeide/plugins/com.st.stm32cube.ide.mcu.externaltools.gnu-tools-for-stm32.9-2020-q2-update.win32_2.0.0.202105311346/tools/bin/../lib/gcc/arm-none-eabi/9.3.1/thumb/v7e-m+fp/hard/crtbegin.o
 .text          0x00000000080001d0       0x10 c:/st/stm32cubeide_1.8.0/stm32cubeide/plugins/com.st.stm32cube.ide.mcu.externaltools.gnu-tools-for-stm32.9-2020-q2-update.win32_2.0.0.202105311346/tools/bin/../lib/gcc/arm-none-eabi/9.3.1/../../../../arm-none-eabi/lib/thumb/v7e-m+fp/hard\libc_nano.a(lib_a-strlen.o)
                0x00000000080001d0                strlen
 .text          0x00000000080001e0       0xa0 c:/st/stm32cubeide_1.8.0/stm32cubeide/plugins/com.st.stm32cube.ide.mcu.externaltools.gnu-tools-for-stm32.9-2020-q2-update.win32_2.0.0.202105311346/tools/bin/../lib/gcc/arm-none-eabi/9.3.1/../../../../arm-none-eabi/lib/thumb/v7e-m+fp/hard\libc_nano.a(lib_a-memchr.o)
                0x00000000080001e0                memchr
 .text          0x0000000008000280       0x30 c:/st/stm32cubeide_1.8.0/stm32cubeide/plugins/com.st.stm32cube.ide.mcu.externaltools.gnu-tools-for-stm32.9-2020-q2-update.win32_2.0.0.202105311346/tools/bin/../lib/gcc/arm-none-eabi/9.3.1/thumb/v7e-m+fp/hard\libgcc.a(_aeabi_uldivmod.o)
                0x0000000008000280                __aeabi_uldivmod
 .text          0x00000000080002b0      0x2c4 c:/st/stm32cubeide_1.8.0/stm32cubeide/plugins/com.st.stm32cube.ide.mcu.externaltools.gnu-tools-for-stm32.9-2020-q2-update.win32_2.0.0.202105311346/tools/bin/../lib/gcc/arm-none-eabi/9.3.1/thumb/v7e-m+fp/hard\libgcc.a(_udivmoddi4.o)
                0x00000000080002b0                __udivmoddi4
 .text          0x0000000008000574        0x4 c:/st/stm32cubeide_1.8.0/stm32cubeide/plugins/com.st.stm32cube.ide.mcu.externaltools.gnu-tools-for-stm32.9-2020-q2-update.win32_2.0.0.202105311346/tools/bin/../lib/gcc/arm-none-eabi/9.3.1/thumb/v7e-m+fp/hard\libgcc.a(_dvmd_tls.o)
                0x0000000008000574                __aeabi_idiv0
                0x0000000008000574                __aeabi_ldiv0
 *(.text*)
 .text.vApplicationIdleHook
                0x0000000008000578        0x2 ./Core/Src/freertos.o
                0x0000000008000578                vApplicationIdleHook
 .text.vApplicationTickHook
                0x000000000800057a        0x2 ./Core/Src/freertos.o
                0x000000000800057a                vApplicationTickHook
 .text.str_cmp  0x000000000800057c       0x28 ./Core/Src/main.o
 .text.string_compare
                0x00000000080005a4       0x56 ./Core/Src/main.o
 *fill*         0x00000000080005fa        0x2 
 .text.tftp_close
                0x00000000080005fc        0xc ./Core/Src/main.o
 .text.tftp_open
                0x0000000008000608       0x64 ./Core/Src/main.o
 .text.tftp_read
                0x000000000800066c      0x16c ./Core/Src/main.o
 .text.jump_to_app
                0x00000000080007d8       0x1c ./Core/Src/main.o
                0x00000000080007d8                jump_to_app
 .text.SystemClock_Config
                0x00000000080007f4       0xa0 ./Core/Src/main.o
                0x00000000080007f4                SystemClock_Config
 .text.startup.main
                0x0000000008000894      0x194 ./Core/Src/main.o
                0x0000000008000894                main
 .text.writedata_to_flash
                0x0000000008000a28       0x3c ./Core/Src/main.o
                0x0000000008000a28                writedata_to_flash
 .text.tftp_write
                0x0000000008000a64       0x88 ./Core/Src/main.o
 .text.erase_flash
                0x0000000008000aec       0x32 ./Core/Src/main.o
                0x0000000008000aec                erase_flash
 *fill*         0x0000000008000b1e        0x2 
 .text.StartDefaultTask
                0x0000000008000b20      0x354 ./Core/Src/main.o
                0x0000000008000b20                StartDefaultTask
 .text.__io_putchar
                0x0000000008000e74       0x20 ./Core/Src/main.o
                0x0000000008000e74                __io_putchar
 .text.wifi_uart_send
                0x0000000008000e94       0x10 ./Core/Src/main.o
                0x0000000008000e94                wifi_uart_send
 .text.at_reset_send
                0x0000000008000ea4        0xc ./Core/Src/main.o
                0x0000000008000ea4                at_reset_send
 .text.at_cwmode_get_send
                0x0000000008000eb0        0xc ./Core/Src/main.o
                0x0000000008000eb0                at_cwmode_get_send
 .text.at_cwmode_set_send
                0x0000000008000ebc        0xc ./Core/Src/main.o
                0x0000000008000ebc                at_cwmode_set_send
 .text.at_cipmode_get_send
                0x0000000008000ec8        0xc ./Core/Src/main.o
                0x0000000008000ec8                at_cipmode_get_send
 .text.at_cipmode_set_send
                0x0000000008000ed4        0xc ./Core/Src/main.o
                0x0000000008000ed4                at_cipmode_set_send
 .text.at_cifsr_send
                0x0000000008000ee0        0xc ./Core/Src/main.o
                0x0000000008000ee0                at_cifsr_send
 .text.at_cipstatus_send
                0x0000000008000eec        0xc ./Core/Src/main.o
                0x0000000008000eec                at_cipstatus_send
 .text.at_cwjap_send
                0x0000000008000ef8       0x1c ./Core/Src/main.o
                0x0000000008000ef8                at_cwjap_send
 .text.at_cipstart_send
                0x0000000008000f14       0x1c ./Core/Src/main.o
                0x0000000008000f14                at_cipstart_send
 .text.at_cipsend_send
                0x0000000008000f30        0xc ./Core/Src/main.o
                0x0000000008000f30                at_cipsend_send
 .text.at_plus3_send
                0x0000000008000f3c        0xc ./Core/Src/main.o
                0x0000000008000f3c                at_plus3_send
 .text.at_modbus_send_data
                0x0000000008000f48       0x14 ./Core/Src/main.o
                0x0000000008000f48                at_modbus_send_data
 .text.wifi_at_send
                0x0000000008000f5c       0xac ./Core/Src/main.o
                0x0000000008000f5c                wifi_at_send
 .text.at_cwmode_get_proc
                0x0000000008001008       0x4c ./Core/Src/main.o
                0x0000000008001008                at_cwmode_get_proc
 .text.at_cipmode_get_proc
                0x0000000008001054       0x44 ./Core/Src/main.o
                0x0000000008001054                at_cipmode_get_proc
 .text.at_cifsr_proc
                0x0000000008001098       0x48 ./Core/Src/main.o
                0x0000000008001098                at_cifsr_proc
 .text.at_cipstatus_proc
                0x00000000080010e0       0x78 ./Core/Src/main.o
                0x00000000080010e0                at_cipstatus_proc
 .text.at_cipsend_proc
                0x0000000008001158       0x34 ./Core/Src/main.o
                0x0000000008001158                at_cipsend_proc
 .text.at_modbus_recv_data
                0x000000000800118c      0x43c ./Core/Src/main.o
                0x000000000800118c                at_modbus_recv_data
 .text.wifi_at_proc
                0x00000000080015c8       0xb8 ./Core/Src/main.o
                0x00000000080015c8                wifi_at_proc
 .text.wifiClientTask
                0x0000000008001680      0x4dc ./Core/Src/main.o
                0x0000000008001680                wifiClientTask
 .text.Error_Handler
                0x0000000008001b5c        0x4 ./Core/Src/main.o
                0x0000000008001b5c                Error_Handler
 .text.MD5Init  0x0000000008001b60       0x2c ./Core/Src/md5.o
                0x0000000008001b60                MD5Init
 .text.MD5Encode
                0x0000000008001b8c       0x30 ./Core/Src/md5.o
                0x0000000008001b8c                MD5Encode
 .text.MD5Decode
                0x0000000008001bbc       0x30 ./Core/Src/md5.o
                0x0000000008001bbc                MD5Decode
 .text.MD5Transform
                0x0000000008001bec      0x68c ./Core/Src/md5.o
                0x0000000008001bec                MD5Transform
 .text.MD5Update
                0x0000000008002278       0x72 ./Core/Src/md5.o
                0x0000000008002278                MD5Update
 *fill*         0x00000000080022ea        0x2 
 .text.MD5Final
                0x00000000080022ec       0x4c ./Core/Src/md5.o
                0x00000000080022ec                MD5Final
 .text.HAL_MspInit
                0x0000000008002338       0x40 ./Core/Src/stm32f4xx_hal_msp.o
                0x0000000008002338                HAL_MspInit
 .text.HAL_UART_MspInit
                0x0000000008002378      0x13c ./Core/Src/stm32f4xx_hal_msp.o
                0x0000000008002378                HAL_UART_MspInit
 .text.NMI_Handler
                0x00000000080024b4        0x2 ./Core/Src/stm32f4xx_it.o
                0x00000000080024b4                NMI_Handler
 .text.HardFault_Handler
                0x00000000080024b6        0x2 ./Core/Src/stm32f4xx_it.o
                0x00000000080024b6                HardFault_Handler
 .text.MemManage_Handler
                0x00000000080024b8        0x2 ./Core/Src/stm32f4xx_it.o
                0x00000000080024b8                MemManage_Handler
 .text.BusFault_Handler
                0x00000000080024ba        0x2 ./Core/Src/stm32f4xx_it.o
                0x00000000080024ba                BusFault_Handler
 .text.UsageFault_Handler
                0x00000000080024bc        0x2 ./Core/Src/stm32f4xx_it.o
                0x00000000080024bc                UsageFault_Handler
 .text.DebugMon_Handler
                0x00000000080024be        0x2 ./Core/Src/stm32f4xx_it.o
                0x00000000080024be                DebugMon_Handler
 .text.SysTick_Handler
                0x00000000080024c0       0x18 ./Core/Src/stm32f4xx_it.o
                0x00000000080024c0                SysTick_Handler
 .text.DMA1_Stream2_IRQHandler
                0x00000000080024d8        0xc ./Core/Src/stm32f4xx_it.o
                0x00000000080024d8                DMA1_Stream2_IRQHandler
 .text.UART4_IRQHandler
                0x00000000080024e4       0x50 ./Core/Src/stm32f4xx_it.o
                0x00000000080024e4                UART4_IRQHandler
 .text.ETH_IRQHandler
                0x0000000008002534        0xc ./Core/Src/stm32f4xx_it.o
                0x0000000008002534                ETH_IRQHandler
 .text._getpid  0x0000000008002540        0x4 ./Core/Src/syscalls.o
                0x0000000008002540                _getpid
 .text._kill    0x0000000008002544       0x10 ./Core/Src/syscalls.o
                0x0000000008002544                _kill
 .text._exit    0x0000000008002554        0xc ./Core/Src/syscalls.o
                0x0000000008002554                _exit
 .text._read    0x0000000008002560       0x1a ./Core/Src/syscalls.o
                0x0000000008002560                _read
 .text._write   0x000000000800257a       0x1a ./Core/Src/syscalls.o
                0x000000000800257a                _write
 .text._close   0x0000000008002594        0x6 ./Core/Src/syscalls.o
                0x0000000008002594                _close
 .text._fstat   0x000000000800259a        0xa ./Core/Src/syscalls.o
                0x000000000800259a                _fstat
 .text._isatty  0x00000000080025a4        0x4 ./Core/Src/syscalls.o
                0x00000000080025a4                _isatty
 .text._lseek   0x00000000080025a8        0x4 ./Core/Src/syscalls.o
                0x00000000080025a8                _lseek
 .text._sbrk    0x00000000080025ac       0x40 ./Core/Src/sysmem.o
                0x00000000080025ac                _sbrk
 .text.SystemInit
                0x00000000080025ec       0x1c ./Core/Src/system_stm32f4xx.o
                0x00000000080025ec                SystemInit
 .text.Reset_Handler
                0x0000000008002608       0x50 ./Core/Startup/startup_stm32f407vetx.o
                0x0000000008002608                Reset_Handler
 .text.Default_Handler
                0x0000000008002658        0x2 ./Core/Startup/startup_stm32f407vetx.o
                0x0000000008002658                RTC_Alarm_IRQHandler
                0x0000000008002658                HASH_RNG_IRQHandler
                0x0000000008002658                EXTI2_IRQHandler
                0x0000000008002658                TIM8_CC_IRQHandler
                0x0000000008002658                TIM1_CC_IRQHandler
                0x0000000008002658                DMA2_Stream5_IRQHandler
                0x0000000008002658                DMA1_Stream5_IRQHandler
                0x0000000008002658                PVD_IRQHandler
                0x0000000008002658                SDIO_IRQHandler
                0x0000000008002658                TAMP_STAMP_IRQHandler
                0x0000000008002658                CAN2_RX1_IRQHandler
                0x0000000008002658                EXTI3_IRQHandler
                0x0000000008002658                TIM8_TRG_COM_TIM14_IRQHandler
                0x0000000008002658                TIM1_UP_TIM10_IRQHandler
                0x0000000008002658                TIM8_UP_TIM13_IRQHandler
                0x0000000008002658                I2C3_ER_IRQHandler
                0x0000000008002658                EXTI0_IRQHandler
                0x0000000008002658                I2C2_EV_IRQHandler
                0x0000000008002658                CAN1_RX0_IRQHandler
                0x0000000008002658                FPU_IRQHandler
                0x0000000008002658                OTG_HS_WKUP_IRQHandler
                0x0000000008002658                CAN2_SCE_IRQHandler
                0x0000000008002658                DMA2_Stream2_IRQHandler
                0x0000000008002658                SPI1_IRQHandler
                0x0000000008002658                TIM6_DAC_IRQHandler
                0x0000000008002658                TIM1_BRK_TIM9_IRQHandler
                0x0000000008002658                DCMI_IRQHandler
                0x0000000008002658                CAN2_RX0_IRQHandler
                0x0000000008002658                DMA2_Stream3_IRQHandler
                0x0000000008002658                USART6_IRQHandler
                0x0000000008002658                USART3_IRQHandler
                0x0000000008002658                CAN1_RX1_IRQHandler
                0x0000000008002658                UART5_IRQHandler
                0x0000000008002658                DMA2_Stream0_IRQHandler
                0x0000000008002658                TIM4_IRQHandler
                0x0000000008002658                I2C1_EV_IRQHandler
                0x0000000008002658                DMA1_Stream6_IRQHandler
                0x0000000008002658                DMA1_Stream1_IRQHandler
                0x0000000008002658                TIM3_IRQHandler
                0x0000000008002658                RCC_IRQHandler
                0x0000000008002658                TIM8_BRK_TIM12_IRQHandler
                0x0000000008002658                Default_Handler
                0x0000000008002658                EXTI15_10_IRQHandler
                0x0000000008002658                ADC_IRQHandler
                0x0000000008002658                DMA1_Stream7_IRQHandler
                0x0000000008002658                TIM7_IRQHandler
                0x0000000008002658                CAN2_TX_IRQHandler
                0x0000000008002658                TIM5_IRQHandler
                0x0000000008002658                DMA2_Stream7_IRQHandler
                0x0000000008002658                I2C3_EV_IRQHandler
                0x0000000008002658                EXTI9_5_IRQHandler
                0x0000000008002658                RTC_WKUP_IRQHandler
                0x0000000008002658                ETH_WKUP_IRQHandler
                0x0000000008002658                SPI2_IRQHandler
                0x0000000008002658                OTG_HS_EP1_IN_IRQHandler
                0x0000000008002658                DMA1_Stream0_IRQHandler
                0x0000000008002658                CAN1_TX_IRQHandler
                0x0000000008002658                EXTI4_IRQHandler
                0x0000000008002658                FSMC_IRQHandler
                0x0000000008002658                OTG_HS_EP1_OUT_IRQHandler
                0x0000000008002658                WWDG_IRQHandler
                0x0000000008002658                TIM2_IRQHandler
                0x0000000008002658                OTG_FS_WKUP_IRQHandler
                0x0000000008002658                TIM1_TRG_COM_TIM11_IRQHandler
                0x0000000008002658                OTG_HS_IRQHandler
                0x0000000008002658                EXTI1_IRQHandler
                0x0000000008002658                USART2_IRQHandler
                0x0000000008002658                I2C2_ER_IRQHandler
                0x0000000008002658                DMA2_Stream1_IRQHandler
                0x0000000008002658                CAN1_SCE_IRQHandler
                0x0000000008002658                FLASH_IRQHandler
                0x0000000008002658                DMA2_Stream4_IRQHandler
                0x0000000008002658                USART1_IRQHandler
                0x0000000008002658                OTG_FS_IRQHandler
                0x0000000008002658                SPI3_IRQHandler
                0x0000000008002658                DMA1_Stream4_IRQHandler
                0x0000000008002658                I2C1_ER_IRQHandler
                0x0000000008002658                DMA2_Stream6_IRQHandler
                0x0000000008002658                DMA1_Stream3_IRQHandler
 *fill*         0x000000000800265a        0x2 
 .text.HAL_InitTick
                0x000000000800265c       0x48 ./Drivers/STM32F4xx_HAL_Driver/Src/stm32f4xx_hal.o
                0x000000000800265c                HAL_InitTick
 .text.HAL_Init
                0x00000000080026a4       0x34 ./Drivers/STM32F4xx_HAL_Driver/Src/stm32f4xx_hal.o
                0x00000000080026a4                HAL_Init
 .text.HAL_IncTick
                0x00000000080026d8       0x18 ./Drivers/STM32F4xx_HAL_Driver/Src/stm32f4xx_hal.o
                0x00000000080026d8                HAL_IncTick
 .text.HAL_GetTick
                0x00000000080026f0        0xc ./Drivers/STM32F4xx_HAL_Driver/Src/stm32f4xx_hal.o
                0x00000000080026f0                HAL_GetTick
 .text.HAL_Delay
                0x00000000080026fc       0x28 ./Drivers/STM32F4xx_HAL_Driver/Src/stm32f4xx_hal.o
                0x00000000080026fc                HAL_Delay
 .text.HAL_NVIC_SetPriorityGrouping
                0x0000000008002724       0x24 ./Drivers/STM32F4xx_HAL_Driver/Src/stm32f4xx_hal_cortex.o
                0x0000000008002724                HAL_NVIC_SetPriorityGrouping
 .text.HAL_NVIC_SetPriority
                0x0000000008002748       0x64 ./Drivers/STM32F4xx_HAL_Driver/Src/stm32f4xx_hal_cortex.o
                0x0000000008002748                HAL_NVIC_SetPriority
 .text.HAL_NVIC_EnableIRQ
                0x00000000080027ac       0x1c ./Drivers/STM32F4xx_HAL_Driver/Src/stm32f4xx_hal_cortex.o
                0x00000000080027ac                HAL_NVIC_EnableIRQ
 .text.HAL_NVIC_SystemReset
                0x00000000080027c8       0x24 ./Drivers/STM32F4xx_HAL_Driver/Src/stm32f4xx_hal_cortex.o
                0x00000000080027c8                HAL_NVIC_SystemReset
 .text.HAL_SYSTICK_Config
                0x00000000080027ec       0x2c ./Drivers/STM32F4xx_HAL_Driver/Src/stm32f4xx_hal_cortex.o
                0x00000000080027ec                HAL_SYSTICK_Config
 .text.DMA_CalcBaseAndBitshift
                0x0000000008002818       0x2c ./Drivers/STM32F4xx_HAL_Driver/Src/stm32f4xx_hal_dma.o
 .text.HAL_DMA_Init
                0x0000000008002844      0x100 ./Drivers/STM32F4xx_HAL_Driver/Src/stm32f4xx_hal_dma.o
                0x0000000008002844                HAL_DMA_Init
 .text.HAL_DMA_Start_IT
                0x0000000008002944       0x74 ./Drivers/STM32F4xx_HAL_Driver/Src/stm32f4xx_hal_dma.o
                0x0000000008002944                HAL_DMA_Start_IT
 .text.HAL_DMA_Abort
                0x00000000080029b8       0x88 ./Drivers/STM32F4xx_HAL_Driver/Src/stm32f4xx_hal_dma.o
                0x00000000080029b8                HAL_DMA_Abort
 .text.HAL_DMA_IRQHandler
                0x0000000008002a40      0x17c ./Drivers/STM32F4xx_HAL_Driver/Src/stm32f4xx_hal_dma.o
                0x0000000008002a40                HAL_DMA_IRQHandler
 .text.ETH_Delay.constprop.0
                0x0000000008002bbc       0x24 ./Drivers/STM32F4xx_HAL_Driver/Src/stm32f4xx_hal_eth.o
 .text.ETH_FlushTransmitFIFO
                0x0000000008002be0       0x28 ./Drivers/STM32F4xx_HAL_Driver/Src/stm32f4xx_hal_eth.o
 .text.ETH_MACDMAConfig
                0x0000000008002c08       0xf4 ./Drivers/STM32F4xx_HAL_Driver/Src/stm32f4xx_hal_eth.o
 .text.HAL_ETH_DMATxDescListInit
                0x0000000008002cfc       0x78 ./Drivers/STM32F4xx_HAL_Driver/Src/stm32f4xx_hal_eth.o
                0x0000000008002cfc                HAL_ETH_DMATxDescListInit
 .text.HAL_ETH_DMARxDescListInit
                0x0000000008002d74       0x74 ./Drivers/STM32F4xx_HAL_Driver/Src/stm32f4xx_hal_eth.o
                0x0000000008002d74                HAL_ETH_DMARxDescListInit
 .text.HAL_ETH_TransmitFrame
                0x0000000008002de8       0xe8 ./Drivers/STM32F4xx_HAL_Driver/Src/stm32f4xx_hal_eth.o
                0x0000000008002de8                HAL_ETH_TransmitFrame
 .text.HAL_ETH_GetReceivedFrame_IT
                0x0000000008002ed0       0x8a ./Drivers/STM32F4xx_HAL_Driver/Src/stm32f4xx_hal_eth.o
                0x0000000008002ed0                HAL_ETH_GetReceivedFrame_IT
 .text.HAL_ETH_TxCpltCallback
                0x0000000008002f5a        0x2 ./Drivers/STM32F4xx_HAL_Driver/Src/stm32f4xx_hal_eth.o
                0x0000000008002f5a                HAL_ETH_TxCpltCallback
 .text.HAL_ETH_ErrorCallback
                0x0000000008002f5c        0x2 ./Drivers/STM32F4xx_HAL_Driver/Src/stm32f4xx_hal_eth.o
                0x0000000008002f5c                HAL_ETH_ErrorCallback
 .text.HAL_ETH_IRQHandler
                0x0000000008002f5e       0x70 ./Drivers/STM32F4xx_HAL_Driver/Src/stm32f4xx_hal_eth.o
                0x0000000008002f5e                HAL_ETH_IRQHandler
 .text.HAL_ETH_ReadPHYRegister
                0x0000000008002fce       0x76 ./Drivers/STM32F4xx_HAL_Driver/Src/stm32f4xx_hal_eth.o
                0x0000000008002fce                HAL_ETH_ReadPHYRegister
 .text.HAL_ETH_WritePHYRegister
                0x0000000008003044       0x70 ./Drivers/STM32F4xx_HAL_Driver/Src/stm32f4xx_hal_eth.o
                0x0000000008003044                HAL_ETH_WritePHYRegister
 .text.HAL_ETH_Init
                0x00000000080030b4      0x1f8 ./Drivers/STM32F4xx_HAL_Driver/Src/stm32f4xx_hal_eth.o
                0x00000000080030b4                HAL_ETH_Init
 .text.HAL_ETH_Start
                0x00000000080032ac       0x74 ./Drivers/STM32F4xx_HAL_Driver/Src/stm32f4xx_hal_eth.o
                0x00000000080032ac                HAL_ETH_Start
 .text.HAL_ETH_Stop
                0x0000000008003320       0x74 ./Drivers/STM32F4xx_HAL_Driver/Src/stm32f4xx_hal_eth.o
                0x0000000008003320                HAL_ETH_Stop
 .text.HAL_ETH_ConfigMAC
                0x0000000008003394      0x118 ./Drivers/STM32F4xx_HAL_Driver/Src/stm32f4xx_hal_eth.o
                0x0000000008003394                HAL_ETH_ConfigMAC
 .text.FLASH_Program_DoubleWord
                0x00000000080034ac       0x2c ./Drivers/STM32F4xx_HAL_Driver/Src/stm32f4xx_hal_flash.o
 .text.FLASH_Program_Word
                0x00000000080034d8       0x24 ./Drivers/STM32F4xx_HAL_Driver/Src/stm32f4xx_hal_flash.o
 .text.FLASH_Program_HalfWord
                0x00000000080034fc       0x24 ./Drivers/STM32F4xx_HAL_Driver/Src/stm32f4xx_hal_flash.o
 .text.FLASH_SetErrorCode
                0x0000000008003520       0x74 ./Drivers/STM32F4xx_HAL_Driver/Src/stm32f4xx_hal_flash.o
 .text.HAL_FLASH_Unlock
                0x0000000008003594       0x24 ./Drivers/STM32F4xx_HAL_Driver/Src/stm32f4xx_hal_flash.o
                0x0000000008003594                HAL_FLASH_Unlock
 .text.HAL_FLASH_Lock
                0x00000000080035b8       0x14 ./Drivers/STM32F4xx_HAL_Driver/Src/stm32f4xx_hal_flash.o
                0x00000000080035b8                HAL_FLASH_Lock
 .text.FLASH_WaitForLastOperation
                0x00000000080035cc       0x54 ./Drivers/STM32F4xx_HAL_Driver/Src/stm32f4xx_hal_flash.o
                0x00000000080035cc                FLASH_WaitForLastOperation
 .text.HAL_FLASH_Program
                0x0000000008003620       0x8c ./Drivers/STM32F4xx_HAL_Driver/Src/stm32f4xx_hal_flash.o
                0x0000000008003620                HAL_FLASH_Program
 .text.FLASH_MassErase.isra.0
                0x00000000080036ac       0x24 ./Drivers/STM32F4xx_HAL_Driver/Src/stm32f4xx_hal_flash_ex.o
 .text.FLASH_Erase_Sector
                0x00000000080036d0       0x4c ./Drivers/STM32F4xx_HAL_Driver/Src/stm32f4xx_hal_flash_ex.o
                0x00000000080036d0                FLASH_Erase_Sector
 .text.FLASH_FlushCaches
                0x000000000800371c       0x58 ./Drivers/STM32F4xx_HAL_Driver/Src/stm32f4xx_hal_flash_ex.o
                0x000000000800371c                FLASH_FlushCaches
 .text.HAL_FLASHEx_Erase
                0x0000000008003774       0x9c ./Drivers/STM32F4xx_HAL_Driver/Src/stm32f4xx_hal_flash_ex.o
                0x0000000008003774                HAL_FLASHEx_Erase
 .text.HAL_GPIO_Init
                0x0000000008003810      0x1b4 ./Drivers/STM32F4xx_HAL_Driver/Src/stm32f4xx_hal_gpio.o
                0x0000000008003810                HAL_GPIO_Init
 .text.HAL_GPIO_WritePin
                0x00000000080039c4        0xa ./Drivers/STM32F4xx_HAL_Driver/Src/stm32f4xx_hal_gpio.o
                0x00000000080039c4                HAL_GPIO_WritePin
 *fill*         0x00000000080039ce        0x2 
 .text.HAL_RCC_OscConfig
                0x00000000080039d0      0x358 ./Drivers/STM32F4xx_HAL_Driver/Src/stm32f4xx_hal_rcc.o
                0x00000000080039d0                HAL_RCC_OscConfig
 .text.HAL_RCC_GetSysClockFreq
                0x0000000008003d28       0x5c ./Drivers/STM32F4xx_HAL_Driver/Src/stm32f4xx_hal_rcc.o
                0x0000000008003d28                HAL_RCC_GetSysClockFreq
 .text.HAL_RCC_ClockConfig
                0x0000000008003d84      0x138 ./Drivers/STM32F4xx_HAL_Driver/Src/stm32f4xx_hal_rcc.o
                0x0000000008003d84                HAL_RCC_ClockConfig
 .text.HAL_RCC_GetHCLKFreq
                0x0000000008003ebc        0xc ./Drivers/STM32F4xx_HAL_Driver/Src/stm32f4xx_hal_rcc.o
                0x0000000008003ebc                HAL_RCC_GetHCLKFreq
 .text.HAL_RCC_GetPCLK1Freq
                0x0000000008003ec8       0x20 ./Drivers/STM32F4xx_HAL_Driver/Src/stm32f4xx_hal_rcc.o
                0x0000000008003ec8                HAL_RCC_GetPCLK1Freq
 .text.HAL_RCC_GetPCLK2Freq
                0x0000000008003ee8       0x20 ./Drivers/STM32F4xx_HAL_Driver/Src/stm32f4xx_hal_rcc.o
                0x0000000008003ee8                HAL_RCC_GetPCLK2Freq
 .text.UART_EndRxTransfer
                0x0000000008003f08       0x5c ./Drivers/STM32F4xx_HAL_Driver/Src/stm32f4xx_hal_uart.o
 .text.UART_SetConfig
                0x0000000008003f64       0xbc ./Drivers/STM32F4xx_HAL_Driver/Src/stm32f4xx_hal_uart.o
 .text.UART_WaitOnFlagUntilTimeout.constprop.0
                0x0000000008004020       0x6c ./Drivers/STM32F4xx_HAL_Driver/Src/stm32f4xx_hal_uart.o
 .text.HAL_UART_Init
                0x000000000800408c       0x5c ./Drivers/STM32F4xx_HAL_Driver/Src/stm32f4xx_hal_uart.o
                0x000000000800408c                HAL_UART_Init
 .text.HAL_UART_Transmit
                0x00000000080040e8       0xaa ./Drivers/STM32F4xx_HAL_Driver/Src/stm32f4xx_hal_uart.o
                0x00000000080040e8                HAL_UART_Transmit
 .text.HAL_UART_DMAStop
                0x0000000008004192       0x8c ./Drivers/STM32F4xx_HAL_Driver/Src/stm32f4xx_hal_uart.o
                0x0000000008004192                HAL_UART_DMAStop
 .text.HAL_UART_RxCpltCallback
                0x000000000800421e        0x2 ./Drivers/STM32F4xx_HAL_Driver/Src/stm32f4xx_hal_uart.o
                0x000000000800421e                HAL_UART_RxCpltCallback
 .text.HAL_UART_RxHalfCpltCallback
                0x0000000008004220        0x2 ./Drivers/STM32F4xx_HAL_Driver/Src/stm32f4xx_hal_uart.o
                0x0000000008004220                HAL_UART_RxHalfCpltCallback
 .text.HAL_UART_ErrorCallback
                0x0000000008004222        0x2 ./Drivers/STM32F4xx_HAL_Driver/Src/stm32f4xx_hal_uart.o
                0x0000000008004222                HAL_UART_ErrorCallback
 .text.UART_DMAError
                0x0000000008004224       0x5a ./Drivers/STM32F4xx_HAL_Driver/Src/stm32f4xx_hal_uart.o
 .text.HAL_UARTEx_RxEventCallback
                0x000000000800427e        0x2 ./Drivers/STM32F4xx_HAL_Driver/Src/stm32f4xx_hal_uart.o
                0x000000000800427e                HAL_UARTEx_RxEventCallback
 .text.UART_DMARxHalfCplt
                0x0000000008004280       0x1a ./Drivers/STM32F4xx_HAL_Driver/Src/stm32f4xx_hal_uart.o
 .text.UART_DMAReceiveCplt
                0x000000000800429a       0x94 ./Drivers/STM32F4xx_HAL_Driver/Src/stm32f4xx_hal_uart.o
 *fill*         0x000000000800432e        0x2 
 .text.UART_Start_Receive_DMA
                0x0000000008004330       0x98 ./Drivers/STM32F4xx_HAL_Driver/Src/stm32f4xx_hal_uart.o
                0x0000000008004330                UART_Start_Receive_DMA
 .text.HAL_UART_Receive_DMA
                0x00000000080043c8       0x30 ./Drivers/STM32F4xx_HAL_Driver/Src/stm32f4xx_hal_uart.o
                0x00000000080043c8                HAL_UART_Receive_DMA
 .text.readConfig
                0x00000000080043f8       0xa0 ./LWIP/App/lwip.o
                0x00000000080043f8                readConfig
 .text.MX_LWIP_Init
                0x0000000008004498      0x14c ./LWIP/App/lwip.o
                0x0000000008004498                MX_LWIP_Init
 .text.low_level_output
                0x00000000080045e4       0xa0 ./LWIP/Target/ethernetif.o
 .text.ethernetif_input
                0x0000000008004684       0xfc ./LWIP/Target/ethernetif.o
                0x0000000008004684                ethernetif_input
 .text.HAL_ETH_MspInit
                0x0000000008004780      0x100 ./LWIP/Target/ethernetif.o
                0x0000000008004780                HAL_ETH_MspInit
 .text.HAL_ETH_RxCpltCallback
                0x0000000008004880        0xc ./LWIP/Target/ethernetif.o
                0x0000000008004880                HAL_ETH_RxCpltCallback
 .text.ethernetif_init
                0x000000000800488c      0x170 ./LWIP/Target/ethernetif.o
                0x000000000800488c                ethernetif_init
 .text.sys_now  0x00000000080049fc        0x4 ./LWIP/Target/ethernetif.o
                0x00000000080049fc                sys_now
 .text.ethernetif_set_link
                0x0000000008004a00       0x48 ./LWIP/Target/ethernetif.o
                0x0000000008004a00                ethernetif_set_link
 .text.ethernetif_notify_conn_changed
                0x0000000008004a48        0x2 ./LWIP/Target/ethernetif.o
                0x0000000008004a48                ethernetif_notify_conn_changed
 *fill*         0x0000000008004a4a        0x2 
 .text.ethernetif_update_config
                0x0000000008004a4c       0xa8 ./LWIP/Target/ethernetif.o
                0x0000000008004a4c                ethernetif_update_config
 .text.osKernelInitialize
                0x0000000008004af4       0x24 ./Middlewares/Third_Party/FreeRTOS/Source/CMSIS_RTOS_V2/cmsis_os2.o
                0x0000000008004af4                osKernelInitialize
 .text.osKernelStart
                0x0000000008004b18       0x34 ./Middlewares/Third_Party/FreeRTOS/Source/CMSIS_RTOS_V2/cmsis_os2.o
                0x0000000008004b18                osKernelStart
 .text.osKernelGetTickCount
                0x0000000008004b4c        0xe ./Middlewares/Third_Party/FreeRTOS/Source/CMSIS_RTOS_V2/cmsis_os2.o
                0x0000000008004b4c                osKernelGetTickCount
 .text.osThreadNew
                0x0000000008004b5a       0x92 ./Middlewares/Third_Party/FreeRTOS/Source/CMSIS_RTOS_V2/cmsis_os2.o
                0x0000000008004b5a                osThreadNew
 .text.osDelay  0x0000000008004bec       0x18 ./Middlewares/Third_Party/FreeRTOS/Source/CMSIS_RTOS_V2/cmsis_os2.o
                0x0000000008004bec                osDelay
 .text.osMutexNew
                0x0000000008004c04       0x6a ./Middlewares/Third_Party/FreeRTOS/Source/CMSIS_RTOS_V2/cmsis_os2.o
                0x0000000008004c04                osMutexNew
 .text.osMutexAcquire
                0x0000000008004c6e       0x44 ./Middlewares/Third_Party/FreeRTOS/Source/CMSIS_RTOS_V2/cmsis_os2.o
                0x0000000008004c6e                osMutexAcquire
 .text.osMutexRelease
                0x0000000008004cb2       0x3c ./Middlewares/Third_Party/FreeRTOS/Source/CMSIS_RTOS_V2/cmsis_os2.o
                0x0000000008004cb2                osMutexRelease
 .text.osSemaphoreNew
                0x0000000008004cee       0x94 ./Middlewares/Third_Party/FreeRTOS/Source/CMSIS_RTOS_V2/cmsis_os2.o
                0x0000000008004cee                osSemaphoreNew
 *fill*         0x0000000008004d82        0x2 
 .text.osSemaphoreAcquire
                0x0000000008004d84       0x58 ./Middlewares/Third_Party/FreeRTOS/Source/CMSIS_RTOS_V2/cmsis_os2.o
                0x0000000008004d84                osSemaphoreAcquire
 .text.osSemaphoreRelease
                0x0000000008004ddc       0x50 ./Middlewares/Third_Party/FreeRTOS/Source/CMSIS_RTOS_V2/cmsis_os2.o
                0x0000000008004ddc                osSemaphoreRelease
 .text.osMessageQueueNew
                0x0000000008004e2c       0x76 ./Middlewares/Third_Party/FreeRTOS/Source/CMSIS_RTOS_V2/cmsis_os2.o
                0x0000000008004e2c                osMessageQueueNew
 *fill*         0x0000000008004ea2        0x2 
 .text.osMessageQueuePut
                0x0000000008004ea4       0x60 ./Middlewares/Third_Party/FreeRTOS/Source/CMSIS_RTOS_V2/cmsis_os2.o
                0x0000000008004ea4                osMessageQueuePut
 .text.osMessageQueueGet
                0x0000000008004f04       0x60 ./Middlewares/Third_Party/FreeRTOS/Source/CMSIS_RTOS_V2/cmsis_os2.o
                0x0000000008004f04                osMessageQueueGet
 .text.vApplicationGetIdleTaskMemory
                0x0000000008004f64       0x18 ./Middlewares/Third_Party/FreeRTOS/Source/CMSIS_RTOS_V2/cmsis_os2.o
                0x0000000008004f64                vApplicationGetIdleTaskMemory
 .text.vApplicationGetTimerTaskMemory
                0x0000000008004f7c       0x18 ./Middlewares/Third_Party/FreeRTOS/Source/CMSIS_RTOS_V2/cmsis_os2.o
                0x0000000008004f7c                vApplicationGetTimerTaskMemory
 .text.vListInitialise
                0x0000000008004f94       0x16 ./Middlewares/Third_Party/FreeRTOS/Source/list.o
                0x0000000008004f94                vListInitialise
 .text.vListInitialiseItem
                0x0000000008004faa        0x6 ./Middlewares/Third_Party/FreeRTOS/Source/list.o
                0x0000000008004faa                vListInitialiseItem
 .text.vListInsertEnd
                0x0000000008004fb0       0x18 ./Middlewares/Third_Party/FreeRTOS/Source/list.o
                0x0000000008004fb0                vListInsertEnd
 .text.vListInsert
                0x0000000008004fc8       0x2e ./Middlewares/Third_Party/FreeRTOS/Source/list.o
                0x0000000008004fc8                vListInsert
 .text.uxListRemove
                0x0000000008004ff6       0x20 ./Middlewares/Third_Party/FreeRTOS/Source/list.o
                0x0000000008004ff6                uxListRemove
 .text.prvIsQueueEmpty
                0x0000000008005016       0x16 ./Middlewares/Third_Party/FreeRTOS/Source/queue.o
 .text.prvCopyDataToQueue
                0x000000000800502c       0x6a ./Middlewares/Third_Party/FreeRTOS/Source/queue.o
 .text.prvCopyDataFromQueue
                0x0000000008005096       0x2c ./Middlewares/Third_Party/FreeRTOS/Source/queue.o
 .text.prvUnlockQueue
                0x00000000080050c2       0x70 ./Middlewares/Third_Party/FreeRTOS/Source/queue.o
 *fill*         0x0000000008005132        0x2 
 .text.xQueueGenericReset
                0x0000000008005134       0x80 ./Middlewares/Third_Party/FreeRTOS/Source/queue.o
                0x0000000008005134                xQueueGenericReset
 .text.xQueueGenericCreateStatic
                0x00000000080051b4       0x9c ./Middlewares/Third_Party/FreeRTOS/Source/queue.o
                0x00000000080051b4                xQueueGenericCreateStatic
 .text.xQueueGenericCreate
                0x0000000008005250       0x4e ./Middlewares/Third_Party/FreeRTOS/Source/queue.o
                0x0000000008005250                xQueueGenericCreate
 .text.xQueueCreateCountingSemaphoreStatic
                0x000000000800529e       0x44 ./Middlewares/Third_Party/FreeRTOS/Source/queue.o
                0x000000000800529e                xQueueCreateCountingSemaphoreStatic
 .text.xQueueCreateCountingSemaphore
                0x00000000080052e2       0x3c ./Middlewares/Third_Party/FreeRTOS/Source/queue.o
                0x00000000080052e2                xQueueCreateCountingSemaphore
 *fill*         0x000000000800531e        0x2 
 .text.xQueueGenericSend
                0x0000000008005320      0x164 ./Middlewares/Third_Party/FreeRTOS/Source/queue.o
                0x0000000008005320                xQueueGenericSend
 .text.xQueueCreateMutexStatic
                0x0000000008005484       0x2a ./Middlewares/Third_Party/FreeRTOS/Source/queue.o
                0x0000000008005484                xQueueCreateMutexStatic
 .text.xQueueGiveMutexRecursive
                0x00000000080054ae       0x3c ./Middlewares/Third_Party/FreeRTOS/Source/queue.o
                0x00000000080054ae                xQueueGiveMutexRecursive
 .text.xQueueCreateMutex
                0x00000000080054ea       0x3a ./Middlewares/Third_Party/FreeRTOS/Source/queue.o
                0x00000000080054ea                xQueueCreateMutex
 .text.xQueueGenericSendFromISR
                0x0000000008005524       0xc4 ./Middlewares/Third_Party/FreeRTOS/Source/queue.o
                0x0000000008005524                xQueueGenericSendFromISR
 .text.xQueueGiveFromISR
                0x00000000080055e8       0xa8 ./Middlewares/Third_Party/FreeRTOS/Source/queue.o
                0x00000000080055e8                xQueueGiveFromISR
 .text.xQueueReceive
                0x0000000008005690      0x140 ./Middlewares/Third_Party/FreeRTOS/Source/queue.o
                0x0000000008005690                xQueueReceive
 .text.xQueueSemaphoreTake
                0x00000000080057d0      0x188 ./Middlewares/Third_Party/FreeRTOS/Source/queue.o
                0x00000000080057d0                xQueueSemaphoreTake
 .text.xQueueTakeMutexRecursive
                0x0000000008005958       0x44 ./Middlewares/Third_Party/FreeRTOS/Source/queue.o
                0x0000000008005958                xQueueTakeMutexRecursive
 .text.xQueueReceiveFromISR
                0x000000000800599c       0x9e ./Middlewares/Third_Party/FreeRTOS/Source/queue.o
                0x000000000800599c                xQueueReceiveFromISR
 *fill*         0x0000000008005a3a        0x2 
 .text.vQueueAddToRegistry
                0x0000000008005a3c       0x24 ./Middlewares/Third_Party/FreeRTOS/Source/queue.o
                0x0000000008005a3c                vQueueAddToRegistry
 .text.vQueueUnregisterQueue
                0x0000000008005a60       0x30 ./Middlewares/Third_Party/FreeRTOS/Source/queue.o
                0x0000000008005a60                vQueueUnregisterQueue
 .text.vQueueDelete
                0x0000000008005a90       0x2a ./Middlewares/Third_Party/FreeRTOS/Source/queue.o
                0x0000000008005a90                vQueueDelete
 .text.vQueueWaitForMessageRestricted
                0x0000000008005aba       0x46 ./Middlewares/Third_Party/FreeRTOS/Source/queue.o
                0x0000000008005aba                vQueueWaitForMessageRestricted
 .text.prvAddNewTaskToReadyList
                0x0000000008005b00      0x100 ./Middlewares/Third_Party/FreeRTOS/Source/tasks.o
 .text.prvResetNextTaskUnblockTime
                0x0000000008005c00       0x24 ./Middlewares/Third_Party/FreeRTOS/Source/tasks.o
 .text.prvInitialiseNewTask.isra.0
                0x0000000008005c24       0xc4 ./Middlewares/Third_Party/FreeRTOS/Source/tasks.o
 .text.prvDeleteTCB
                0x0000000008005ce8       0x3c ./Middlewares/Third_Party/FreeRTOS/Source/tasks.o
 .text.prvIdleTask
                0x0000000008005d24       0x68 ./Middlewares/Third_Party/FreeRTOS/Source/tasks.o
 .text.prvAddCurrentTaskToDelayedList
                0x0000000008005d8c       0x74 ./Middlewares/Third_Party/FreeRTOS/Source/tasks.o
 .text.xTaskCreateStatic
                0x0000000008005e00       0x70 ./Middlewares/Third_Party/FreeRTOS/Source/tasks.o
                0x0000000008005e00                xTaskCreateStatic
 .text.xTaskCreate
                0x0000000008005e70       0x5a ./Middlewares/Third_Party/FreeRTOS/Source/tasks.o
                0x0000000008005e70                xTaskCreate
 *fill*         0x0000000008005eca        0x2 
 .text.vTaskStartScheduler
                0x0000000008005ecc       0x98 ./Middlewares/Third_Party/FreeRTOS/Source/tasks.o
                0x0000000008005ecc                vTaskStartScheduler
 .text.vTaskSuspendAll
                0x0000000008005f64       0x10 ./Middlewares/Third_Party/FreeRTOS/Source/tasks.o
                0x0000000008005f64                vTaskSuspendAll
 .text.xTaskGetTickCount
                0x0000000008005f74        0xc ./Middlewares/Third_Party/FreeRTOS/Source/tasks.o
                0x0000000008005f74                xTaskGetTickCount
 .text.xTaskGetTickCountFromISR
                0x0000000008005f80       0x10 ./Middlewares/Third_Party/FreeRTOS/Source/tasks.o
                0x0000000008005f80                xTaskGetTickCountFromISR
 .text.xTaskIncrementTick
                0x0000000008005f90      0x13c ./Middlewares/Third_Party/FreeRTOS/Source/tasks.o
                0x0000000008005f90                xTaskIncrementTick
 .text.xTaskResumeAll
                0x00000000080060cc       0xe8 ./Middlewares/Third_Party/FreeRTOS/Source/tasks.o
                0x00000000080060cc                xTaskResumeAll
 .text.vTaskDelay
                0x00000000080061b4       0x48 ./Middlewares/Third_Party/FreeRTOS/Source/tasks.o
                0x00000000080061b4                vTaskDelay
 .text.vTaskSwitchContext
                0x00000000080061fc       0x84 ./Middlewares/Third_Party/FreeRTOS/Source/tasks.o
                0x00000000080061fc                vTaskSwitchContext
 .text.vTaskPlaceOnEventList
                0x0000000008006280       0x34 ./Middlewares/Third_Party/FreeRTOS/Source/tasks.o
                0x0000000008006280                vTaskPlaceOnEventList
 .text.vTaskPlaceOnEventListRestricted
                0x00000000080062b4       0x3c ./Middlewares/Third_Party/FreeRTOS/Source/tasks.o
                0x00000000080062b4                vTaskPlaceOnEventListRestricted
 .text.xTaskRemoveFromEventList
                0x00000000080062f0       0x88 ./Middlewares/Third_Party/FreeRTOS/Source/tasks.o
                0x00000000080062f0                xTaskRemoveFromEventList
 .text.vTaskInternalSetTimeOutState
                0x0000000008006378       0x18 ./Middlewares/Third_Party/FreeRTOS/Source/tasks.o
                0x0000000008006378                vTaskInternalSetTimeOutState
 .text.xTaskCheckForTimeOut
                0x0000000008006390       0x78 ./Middlewares/Third_Party/FreeRTOS/Source/tasks.o
                0x0000000008006390                xTaskCheckForTimeOut
 .text.vTaskMissedYield
                0x0000000008006408        0xc ./Middlewares/Third_Party/FreeRTOS/Source/tasks.o
                0x0000000008006408                vTaskMissedYield
 .text.xTaskGetCurrentTaskHandle
                0x0000000008006414        0xc ./Middlewares/Third_Party/FreeRTOS/Source/tasks.o
                0x0000000008006414                xTaskGetCurrentTaskHandle
 .text.xTaskGetSchedulerState
                0x0000000008006420       0x20 ./Middlewares/Third_Party/FreeRTOS/Source/tasks.o
                0x0000000008006420                xTaskGetSchedulerState
 .text.xTaskPriorityInherit
                0x0000000008006440       0x84 ./Middlewares/Third_Party/FreeRTOS/Source/tasks.o
                0x0000000008006440                xTaskPriorityInherit
 .text.xTaskPriorityDisinherit
                0x00000000080064c4       0x88 ./Middlewares/Third_Party/FreeRTOS/Source/tasks.o
                0x00000000080064c4                xTaskPriorityDisinherit
 .text.vTaskPriorityDisinheritAfterTimeout
                0x000000000800654c       0xa4 ./Middlewares/Third_Party/FreeRTOS/Source/tasks.o
                0x000000000800654c                vTaskPriorityDisinheritAfterTimeout
 .text.pvTaskIncrementMutexHeldCount
                0x00000000080065f0       0x18 ./Middlewares/Third_Party/FreeRTOS/Source/tasks.o
                0x00000000080065f0                pvTaskIncrementMutexHeldCount
 .text.prvCheckForValidListAndQueue
                0x0000000008006608       0x68 ./Middlewares/Third_Party/FreeRTOS/Source/timers.o
 .text.prvInsertTimerInActiveList
                0x0000000008006670       0x3c ./Middlewares/Third_Party/FreeRTOS/Source/timers.o
 .text.xTimerCreateTimerTask
                0x00000000080066ac       0x64 ./Middlewares/Third_Party/FreeRTOS/Source/timers.o
                0x00000000080066ac                xTimerCreateTimerTask
 .text.xTimerGenericCommand
                0x0000000008006710       0x58 ./Middlewares/Third_Party/FreeRTOS/Source/timers.o
                0x0000000008006710                xTimerGenericCommand
 .text.prvSwitchTimerLists
                0x0000000008006768       0x7c ./Middlewares/Third_Party/FreeRTOS/Source/timers.o
 .text.prvTimerTask
                0x00000000080067e4      0x1f8 ./Middlewares/Third_Party/FreeRTOS/Source/timers.o
 .text.prvPortStartFirstTask
                0x00000000080069dc       0x28 ./Middlewares/Third_Party/FreeRTOS/Source/portable/GCC/ARM_CM4F/port.o
 .text.vPortEnableVFP
                0x0000000008006a04       0x14 ./Middlewares/Third_Party/FreeRTOS/Source/portable/GCC/ARM_CM4F/port.o
 .text.prvTaskExitError
                0x0000000008006a18       0x40 ./Middlewares/Third_Party/FreeRTOS/Source/portable/GCC/ARM_CM4F/port.o
 .text.pxPortInitialiseStack
                0x0000000008006a58       0x2c ./Middlewares/Third_Party/FreeRTOS/Source/portable/GCC/ARM_CM4F/port.o
                0x0000000008006a58                pxPortInitialiseStack
 *fill*         0x0000000008006a84        0xc 
 .text.SVC_Handler
                0x0000000008006a90       0x24 ./Middlewares/Third_Party/FreeRTOS/Source/portable/GCC/ARM_CM4F/port.o
                0x0000000008006a90                SVC_Handler
 .text.vPortEnterCritical
                0x0000000008006ab4       0x44 ./Middlewares/Third_Party/FreeRTOS/Source/portable/GCC/ARM_CM4F/port.o
                0x0000000008006ab4                vPortEnterCritical
 .text.vPortExitCritical
                0x0000000008006af8       0x28 ./Middlewares/Third_Party/FreeRTOS/Source/portable/GCC/ARM_CM4F/port.o
                0x0000000008006af8                vPortExitCritical
 .text.PendSV_Handler
                0x0000000008006b20       0x64 ./Middlewares/Third_Party/FreeRTOS/Source/portable/GCC/ARM_CM4F/port.o
                0x0000000008006b20                PendSV_Handler
 .text.xPortSysTickHandler
                0x0000000008006b84       0x2c ./Middlewares/Third_Party/FreeRTOS/Source/portable/GCC/ARM_CM4F/port.o
                0x0000000008006b84                xPortSysTickHandler
 .text.vPortSetupTimerInterrupt
                0x0000000008006bb0       0x34 ./Middlewares/Third_Party/FreeRTOS/Source/portable/GCC/ARM_CM4F/port.o
                0x0000000008006bb0                vPortSetupTimerInterrupt
 .text.xPortStartScheduler
                0x0000000008006be4      0x108 ./Middlewares/Third_Party/FreeRTOS/Source/portable/GCC/ARM_CM4F/port.o
                0x0000000008006be4                xPortStartScheduler
 .text.vPortValidateInterruptPriority
                0x0000000008006cec       0x5c ./Middlewares/Third_Party/FreeRTOS/Source/portable/GCC/ARM_CM4F/port.o
                0x0000000008006cec                vPortValidateInterruptPriority
 .text.prvInsertBlockIntoFreeList
                0x0000000008006d48       0x48 ./Middlewares/Third_Party/FreeRTOS/Source/portable/MemMang/heap_4.o
 .text.pvPortMalloc
                0x0000000008006d90      0x124 ./Middlewares/Third_Party/FreeRTOS/Source/portable/MemMang/heap_4.o
                0x0000000008006d90                pvPortMalloc
 .text.vPortFree
                0x0000000008006eb4       0x7c ./Middlewares/Third_Party/FreeRTOS/Source/portable/MemMang/heap_4.o
                0x0000000008006eb4                vPortFree
 .text.tcpip_thread
                0x0000000008006f30       0xd0 ./Middlewares/Third_Party/LwIP/src/api/tcpip.o
 .text.tcpip_inpkt
                0x0000000008007000       0x58 ./Middlewares/Third_Party/LwIP/src/api/tcpip.o
                0x0000000008007000                tcpip_inpkt
 .text.tcpip_input
                0x0000000008007058       0x1c ./Middlewares/Third_Party/LwIP/src/api/tcpip.o
                0x0000000008007058                tcpip_input
 .text.tcpip_try_callback
                0x0000000008007074       0x58 ./Middlewares/Third_Party/LwIP/src/api/tcpip.o
                0x0000000008007074                tcpip_try_callback
 .text.tcpip_init
                0x00000000080070cc       0x80 ./Middlewares/Third_Party/LwIP/src/api/tcpip.o
                0x00000000080070cc                tcpip_init
 .text.resend_data
                0x000000000800714c       0x40 ./Middlewares/Third_Party/LwIP/src/apps/tftp/tftp_server.o
 .text.send_ack
                0x000000000800718c       0x44 ./Middlewares/Third_Party/LwIP/src/apps/tftp/tftp_server.o
 .text.close_handle
                0x00000000080071d0       0x34 ./Middlewares/Third_Party/LwIP/src/apps/tftp/tftp_server.o
 .text.send_error
                0x0000000008007204       0x68 ./Middlewares/Third_Party/LwIP/src/apps/tftp/tftp_server.o
 .text.send_data
                0x000000000800726c       0x74 ./Middlewares/Third_Party/LwIP/src/apps/tftp/tftp_server.o
 .text.recv     0x00000000080072e0      0x1f0 ./Middlewares/Third_Party/LwIP/src/apps/tftp/tftp_server.o
 .text.tftp_tmr
                0x00000000080074d0       0x50 ./Middlewares/Third_Party/LwIP/src/apps/tftp/tftp_server.o
 .text.tftp_init
                0x0000000008007520       0x50 ./Middlewares/Third_Party/LwIP/src/apps/tftp/tftp_server.o
                0x0000000008007520                tftp_init
 .text.lwip_htons
                0x0000000008007570        0x6 ./Middlewares/Third_Party/LwIP/src/core/def.o
                0x0000000008007570                lwip_htons
 .text.lwip_htonl
                0x0000000008007576        0x4 ./Middlewares/Third_Party/LwIP/src/core/def.o
                0x0000000008007576                lwip_htonl
 .text.lwip_standard_chksum
                0x000000000800757a       0x5a ./Middlewares/Third_Party/LwIP/src/core/inet_chksum.o
                0x000000000800757a                lwip_standard_chksum
 .text.inet_chksum_pseudo
                0x00000000080075d4       0x88 ./Middlewares/Third_Party/LwIP/src/core/inet_chksum.o
                0x00000000080075d4                inet_chksum_pseudo
 .text.ip_chksum_pseudo
                0x000000000800765c        0x4 ./Middlewares/Third_Party/LwIP/src/core/inet_chksum.o
                0x000000000800765c                ip_chksum_pseudo
 .text.lwip_init
                0x0000000008007660       0x22 ./Middlewares/Third_Party/LwIP/src/core/init.o
                0x0000000008007660                lwip_init
 *fill*         0x0000000008007682        0x2 
 .text.mem_init
                0x0000000008007684       0x70 ./Middlewares/Third_Party/LwIP/src/core/mem.o
                0x0000000008007684                mem_init
 .text.mem_free
                0x00000000080076f4      0x1b4 ./Middlewares/Third_Party/LwIP/src/core/mem.o
                0x00000000080076f4                mem_free
 .text.mem_trim
                0x00000000080078a8      0x168 ./Middlewares/Third_Party/LwIP/src/core/mem.o
                0x00000000080078a8                mem_trim
 .text.mem_malloc
                0x0000000008007a10      0x15c ./Middlewares/Third_Party/LwIP/src/core/mem.o
                0x0000000008007a10                mem_malloc
 .text.do_memp_malloc_pool.isra.0
                0x0000000008007b6c       0x3c ./Middlewares/Third_Party/LwIP/src/core/memp.o
 .text.do_memp_free_pool.isra.0
                0x0000000008007ba8       0x38 ./Middlewares/Third_Party/LwIP/src/core/memp.o
 .text.memp_init_pool
                0x0000000008007be0       0x26 ./Middlewares/Third_Party/LwIP/src/core/memp.o
                0x0000000008007be0                memp_init_pool
 *fill*         0x0000000008007c06        0x2 
 .text.memp_init
                0x0000000008007c08       0x1c ./Middlewares/Third_Party/LwIP/src/core/memp.o
                0x0000000008007c08                memp_init
 .text.memp_malloc
                0x0000000008007c24       0x38 ./Middlewares/Third_Party/LwIP/src/core/memp.o
                0x0000000008007c24                memp_malloc
 .text.memp_free
                0x0000000008007c5c       0x34 ./Middlewares/Third_Party/LwIP/src/core/memp.o
                0x0000000008007c5c                memp_free
 .text.netif_null_output_ip4
                0x0000000008007c90        0x6 ./Middlewares/Third_Party/LwIP/src/core/netif.o
 *fill*         0x0000000008007c96        0x2 
 .text.netif_issue_reports
                0x0000000008007c98       0x48 ./Middlewares/Third_Party/LwIP/src/core/netif.o
 .text.netif_do_set_ipaddr
                0x0000000008007ce0       0x58 ./Middlewares/Third_Party/LwIP/src/core/netif.o
 .text.netif_init
                0x0000000008007d38        0x2 ./Middlewares/Third_Party/LwIP/src/core/netif.o
                0x0000000008007d38                netif_init
 *fill*         0x0000000008007d3a        0x2 
 .text.netif_set_addr
                0x0000000008007d3c       0x58 ./Middlewares/Third_Party/LwIP/src/core/netif.o
                0x0000000008007d3c                netif_set_addr
 .text.netif_add
                0x0000000008007d94      0x12c ./Middlewares/Third_Party/LwIP/src/core/netif.o
                0x0000000008007d94                netif_add
 .text.netif_set_default
                0x0000000008007ec0        0xc ./Middlewares/Third_Party/LwIP/src/core/netif.o
                0x0000000008007ec0                netif_set_default
 .text.netif_set_up
                0x0000000008007ecc       0x34 ./Middlewares/Third_Party/LwIP/src/core/netif.o
                0x0000000008007ecc                netif_set_up
 .text.netif_set_down
                0x0000000008007f00       0x38 ./Middlewares/Third_Party/LwIP/src/core/netif.o
                0x0000000008007f00                netif_set_down
 .text.netif_set_link_up
                0x0000000008007f38       0x48 ./Middlewares/Third_Party/LwIP/src/core/netif.o
                0x0000000008007f38                netif_set_link_up
 .text.netif_set_link_down
                0x0000000008007f80       0x34 ./Middlewares/Third_Party/LwIP/src/core/netif.o
                0x0000000008007f80                netif_set_link_down
 .text.netif_set_link_callback
                0x0000000008007fb4        0x6 ./Middlewares/Third_Party/LwIP/src/core/netif.o
                0x0000000008007fb4                netif_set_link_callback
 *fill*         0x0000000008007fba        0x2 
 .text.netif_get_by_index
                0x0000000008007fbc       0x24 ./Middlewares/Third_Party/LwIP/src/core/netif.o
                0x0000000008007fbc                netif_get_by_index
 .text.pbuf_skip_const
                0x0000000008007fe0       0x16 ./Middlewares/Third_Party/LwIP/src/core/pbuf.o
 *fill*         0x0000000008007ff6        0x2 
 .text.pbuf_free_ooseq_callback
                0x0000000008007ff8       0x30 ./Middlewares/Third_Party/LwIP/src/core/pbuf.o
 .text.pbuf_add_header_impl
                0x0000000008008028       0x64 ./Middlewares/Third_Party/LwIP/src/core/pbuf.o
 .text.pbuf_alloc_reference
                0x000000000800808c       0x48 ./Middlewares/Third_Party/LwIP/src/core/pbuf.o
                0x000000000800808c                pbuf_alloc_reference
 .text.pbuf_alloced_custom
                0x00000000080080d4       0x34 ./Middlewares/Third_Party/LwIP/src/core/pbuf.o
                0x00000000080080d4                pbuf_alloced_custom
 .text.pbuf_add_header
                0x0000000008008108        0x6 ./Middlewares/Third_Party/LwIP/src/core/pbuf.o
                0x0000000008008108                pbuf_add_header
 *fill*         0x000000000800810e        0x2 
 .text.pbuf_remove_header
                0x0000000008008110       0x58 ./Middlewares/Third_Party/LwIP/src/core/pbuf.o
                0x0000000008008110                pbuf_remove_header
 .text.pbuf_header_force
                0x0000000008008168       0x10 ./Middlewares/Third_Party/LwIP/src/core/pbuf.o
                0x0000000008008168                pbuf_header_force
 .text.pbuf_free
                0x0000000008008178       0xd0 ./Middlewares/Third_Party/LwIP/src/core/pbuf.o
                0x0000000008008178                pbuf_free
 .text.pbuf_alloc
                0x0000000008008248      0x128 ./Middlewares/Third_Party/LwIP/src/core/pbuf.o
                0x0000000008008248                pbuf_alloc
 .text.pbuf_realloc
                0x0000000008008370       0xb0 ./Middlewares/Third_Party/LwIP/src/core/pbuf.o
                0x0000000008008370                pbuf_realloc
 .text.pbuf_clen
                0x0000000008008420       0x10 ./Middlewares/Third_Party/LwIP/src/core/pbuf.o
                0x0000000008008420                pbuf_clen
 .text.pbuf_ref
                0x0000000008008430       0x38 ./Middlewares/Third_Party/LwIP/src/core/pbuf.o
                0x0000000008008430                pbuf_ref
 .text.pbuf_cat
                0x0000000008008468       0x74 ./Middlewares/Third_Party/LwIP/src/core/pbuf.o
                0x0000000008008468                pbuf_cat
 .text.pbuf_chain
                0x00000000080084dc       0x12 ./Middlewares/Third_Party/LwIP/src/core/pbuf.o
                0x00000000080084dc                pbuf_chain
 *fill*         0x00000000080084ee        0x2 
 .text.pbuf_copy
                0x00000000080084f0      0x104 ./Middlewares/Third_Party/LwIP/src/core/pbuf.o
                0x00000000080084f0                pbuf_copy
 .text.pbuf_copy_partial
                0x00000000080085f4       0x8c ./Middlewares/Third_Party/LwIP/src/core/pbuf.o
                0x00000000080085f4                pbuf_copy_partial
 .text.pbuf_clone
                0x0000000008008680       0x38 ./Middlewares/Third_Party/LwIP/src/core/pbuf.o
                0x0000000008008680                pbuf_clone
 .text.pbuf_try_get_at
                0x00000000080086b8       0x26 ./Middlewares/Third_Party/LwIP/src/core/pbuf.o
                0x00000000080086b8                pbuf_try_get_at
 .text.pbuf_get_at
                0x00000000080086de        0xe ./Middlewares/Third_Party/LwIP/src/core/pbuf.o
                0x00000000080086de                pbuf_get_at
 .text.pbuf_memcmp
                0x00000000080086ec       0x5e ./Middlewares/Third_Party/LwIP/src/core/pbuf.o
                0x00000000080086ec                pbuf_memcmp
 .text.pbuf_memfind
                0x000000000800874a       0x3c ./Middlewares/Third_Party/LwIP/src/core/pbuf.o
                0x000000000800874a                pbuf_memfind
 *fill*         0x0000000008008786        0x2 
 .text.tcp_close_shutdown_fin
                0x0000000008008788       0x60 ./Middlewares/Third_Party/LwIP/src/core/tcp.o
 .text.tcp_init
                0x00000000080087e8       0x18 ./Middlewares/Third_Party/LwIP/src/core/tcp.o
                0x00000000080087e8                tcp_init
 .text.tcp_free
                0x0000000008008800       0x30 ./Middlewares/Third_Party/LwIP/src/core/tcp.o
                0x0000000008008800                tcp_free
 .text.tcp_update_rcv_ann_wnd
                0x0000000008008830       0x6c ./Middlewares/Third_Party/LwIP/src/core/tcp.o
                0x0000000008008830                tcp_update_rcv_ann_wnd
 .text.tcp_recved
                0x000000000800889c       0x7c ./Middlewares/Third_Party/LwIP/src/core/tcp.o
                0x000000000800889c                tcp_recved
 .text.tcp_seg_free
                0x0000000008008918       0x1c ./Middlewares/Third_Party/LwIP/src/core/tcp.o
                0x0000000008008918                tcp_seg_free
 .text.tcp_segs_free
                0x0000000008008934       0x10 ./Middlewares/Third_Party/LwIP/src/core/tcp.o
                0x0000000008008934                tcp_segs_free
 .text.tcp_seg_copy
                0x0000000008008944       0x48 ./Middlewares/Third_Party/LwIP/src/core/tcp.o
                0x0000000008008944                tcp_seg_copy
 .text.tcp_next_iss
                0x000000000800898c       0x34 ./Middlewares/Third_Party/LwIP/src/core/tcp.o
                0x000000000800898c                tcp_next_iss
 .text.tcp_eff_send_mss_netif
                0x00000000080089c0       0x3c ./Middlewares/Third_Party/LwIP/src/core/tcp.o
                0x00000000080089c0                tcp_eff_send_mss_netif
 .text.tcp_free_ooseq
                0x00000000080089fc       0x12 ./Middlewares/Third_Party/LwIP/src/core/tcp.o
                0x00000000080089fc                tcp_free_ooseq
 *fill*         0x0000000008008a0e        0x2 
 .text.tcp_pcb_purge
                0x0000000008008a10       0x64 ./Middlewares/Third_Party/LwIP/src/core/tcp.o
                0x0000000008008a10                tcp_pcb_purge
 .text.tcp_pcb_remove
                0x0000000008008a74       0xcc ./Middlewares/Third_Party/LwIP/src/core/tcp.o
                0x0000000008008a74                tcp_pcb_remove
 .text.tcp_abandon
                0x0000000008008b40      0x104 ./Middlewares/Third_Party/LwIP/src/core/tcp.o
                0x0000000008008b40                tcp_abandon
 .text.tcp_abort
                0x0000000008008c44        0x6 ./Middlewares/Third_Party/LwIP/src/core/tcp.o
                0x0000000008008c44                tcp_abort
 *fill*         0x0000000008008c4a        0x2 
 .text.tcp_netif_ip_addr_changed_pcblist
                0x0000000008008c4c       0x3c ./Middlewares/Third_Party/LwIP/src/core/tcp.o
 .text.tcp_netif_ip_addr_changed
                0x0000000008008c88       0x48 ./Middlewares/Third_Party/LwIP/src/core/tcp.o
                0x0000000008008c88                tcp_netif_ip_addr_changed
 .text.tcp_kill_state
                0x0000000008008cd0       0x3c ./Middlewares/Third_Party/LwIP/src/core/tcp.o
 .text.tcp_alloc
                0x0000000008008d0c      0x134 ./Middlewares/Third_Party/LwIP/src/core/tcp.o
                0x0000000008008d0c                tcp_alloc
 .text.tcp_close_shutdown
                0x0000000008008e40      0x164 ./Middlewares/Third_Party/LwIP/src/core/tcp.o
 .text.tcp_close
                0x0000000008008fa4       0x3c ./Middlewares/Third_Party/LwIP/src/core/tcp.o
                0x0000000008008fa4                tcp_close
 .text.tcp_recv_null
                0x0000000008008fe0       0x48 ./Middlewares/Third_Party/LwIP/src/core/tcp.o
                0x0000000008008fe0                tcp_recv_null
 .text.tcp_process_refused_data
                0x0000000008009028       0x88 ./Middlewares/Third_Party/LwIP/src/core/tcp.o
                0x0000000008009028                tcp_process_refused_data
 .text.tcp_fasttmr
                0x00000000080090b0       0x80 ./Middlewares/Third_Party/LwIP/src/core/tcp.o
                0x00000000080090b0                tcp_fasttmr
 .text.tcp_slowtmr
                0x0000000008009130      0x440 ./Middlewares/Third_Party/LwIP/src/core/tcp.o
                0x0000000008009130                tcp_slowtmr
 .text.tcp_tmr  0x0000000008009570       0x24 ./Middlewares/Third_Party/LwIP/src/core/tcp.o
                0x0000000008009570                tcp_tmr
 .text.tcp_get_next_optbyte
                0x0000000008009594       0x38 ./Middlewares/Third_Party/LwIP/src/core/tcp_in.o
 .text.tcp_oos_insert_segment
                0x00000000080095cc       0x94 ./Middlewares/Third_Party/LwIP/src/core/tcp_in.o
 .text.tcp_parseopt
                0x0000000008009660       0x90 ./Middlewares/Third_Party/LwIP/src/core/tcp_in.o
 .text.tcp_input_delayed_close
                0x00000000080096f0       0x58 ./Middlewares/Third_Party/LwIP/src/core/tcp_in.o
 .text.tcp_free_acked_segments.isra.0
                0x0000000008009748       0xbc ./Middlewares/Third_Party/LwIP/src/core/tcp_in.o
 .text.tcp_receive
                0x0000000008009804      0x858 ./Middlewares/Third_Party/LwIP/src/core/tcp_in.o
 .text.tcp_input
                0x000000000800a05c      0xad4 ./Middlewares/Third_Party/LwIP/src/core/tcp_in.o
                0x000000000800a05c                tcp_input
 .text.tcp_trigger_input_pcb_close
                0x000000000800ab30       0x10 ./Middlewares/Third_Party/LwIP/src/core/tcp_in.o
                0x000000000800ab30                tcp_trigger_input_pcb_close
 .text.tcp_output_segment_busy
                0x000000000800ab40       0x2c ./Middlewares/Third_Party/LwIP/src/core/tcp_out.o
 .text.tcp_create_segment
                0x000000000800ab6c       0xe0 ./Middlewares/Third_Party/LwIP/src/core/tcp_out.o
 .text.tcp_output_alloc_header_common.constprop.0
                0x000000000800ac4c       0x84 ./Middlewares/Third_Party/LwIP/src/core/tcp_out.o
 .text.tcp_output_alloc_header.constprop.0
                0x000000000800acd0       0x4c ./Middlewares/Third_Party/LwIP/src/core/tcp_out.o
 .text.tcp_output_fill_options.isra.0.constprop.0
                0x000000000800ad1c       0x20 ./Middlewares/Third_Party/LwIP/src/core/tcp_out.o
 .text.tcp_output_control_segment
                0x000000000800ad3c       0x70 ./Middlewares/Third_Party/LwIP/src/core/tcp_out.o
 .text.tcp_split_unsent_seg
                0x000000000800adac      0x198 ./Middlewares/Third_Party/LwIP/src/core/tcp_out.o
                0x000000000800adac                tcp_split_unsent_seg
 .text.tcp_enqueue_flags
                0x000000000800af44      0x128 ./Middlewares/Third_Party/LwIP/src/core/tcp_out.o
                0x000000000800af44                tcp_enqueue_flags
 .text.tcp_send_fin
                0x000000000800b06c       0x60 ./Middlewares/Third_Party/LwIP/src/core/tcp_out.o
                0x000000000800b06c                tcp_send_fin
 .text.tcp_rexmit_rto_prepare
                0x000000000800b0cc       0x88 ./Middlewares/Third_Party/LwIP/src/core/tcp_out.o
                0x000000000800b0cc                tcp_rexmit_rto_prepare
 .text.tcp_rexmit
                0x000000000800b154       0x84 ./Middlewares/Third_Party/LwIP/src/core/tcp_out.o
                0x000000000800b154                tcp_rexmit
 .text.tcp_rexmit_fast
                0x000000000800b1d8       0x68 ./Middlewares/Third_Party/LwIP/src/core/tcp_out.o
                0x000000000800b1d8                tcp_rexmit_fast
 .text.tcp_rst  0x000000000800b240       0x8c ./Middlewares/Third_Party/LwIP/src/core/tcp_out.o
                0x000000000800b240                tcp_rst
 .text.tcp_send_empty_ack
                0x000000000800b2cc       0x64 ./Middlewares/Third_Party/LwIP/src/core/tcp_out.o
                0x000000000800b2cc                tcp_send_empty_ack
 .text.tcp_output
                0x000000000800b330      0x354 ./Middlewares/Third_Party/LwIP/src/core/tcp_out.o
                0x000000000800b330                tcp_output
 .text.tcp_rexmit_rto_commit
                0x000000000800b684       0x38 ./Middlewares/Third_Party/LwIP/src/core/tcp_out.o
                0x000000000800b684                tcp_rexmit_rto_commit
 .text.tcp_rexmit_rto
                0x000000000800b6bc       0x34 ./Middlewares/Third_Party/LwIP/src/core/tcp_out.o
                0x000000000800b6bc                tcp_rexmit_rto
 .text.tcp_keepalive
                0x000000000800b6f0       0x50 ./Middlewares/Third_Party/LwIP/src/core/tcp_out.o
                0x000000000800b6f0                tcp_keepalive
 .text.tcp_zero_window_probe
                0x000000000800b740       0xc8 ./Middlewares/Third_Party/LwIP/src/core/tcp_out.o
                0x000000000800b740                tcp_zero_window_probe
 .text.sys_timeout_abs
                0x000000000800b808       0x64 ./Middlewares/Third_Party/LwIP/src/core/timeouts.o
 .text.lwip_cyclic_timer
                0x000000000800b86c       0x34 ./Middlewares/Third_Party/LwIP/src/core/timeouts.o
 .text.sys_timeout
                0x000000000800b8a0       0x3c ./Middlewares/Third_Party/LwIP/src/core/timeouts.o
                0x000000000800b8a0                sys_timeout
 .text.tcp_timer_needed
                0x000000000800b8dc       0x34 ./Middlewares/Third_Party/LwIP/src/core/timeouts.o
                0x000000000800b8dc                tcp_timer_needed
 .text.tcpip_tcp_timer
                0x000000000800b910       0x38 ./Middlewares/Third_Party/LwIP/src/core/timeouts.o
 .text.sys_timeouts_init
                0x000000000800b948       0x2c ./Middlewares/Third_Party/LwIP/src/core/timeouts.o
                0x000000000800b948                sys_timeouts_init
 .text.sys_untimeout
                0x000000000800b974       0x3c ./Middlewares/Third_Party/LwIP/src/core/timeouts.o
                0x000000000800b974                sys_untimeout
 .text.sys_check_timeouts
                0x000000000800b9b0       0x44 ./Middlewares/Third_Party/LwIP/src/core/timeouts.o
                0x000000000800b9b0                sys_check_timeouts
 .text.sys_timeouts_sleeptime
                0x000000000800b9f4       0x24 ./Middlewares/Third_Party/LwIP/src/core/timeouts.o
                0x000000000800b9f4                sys_timeouts_sleeptime
 .text.udp_init
                0x000000000800ba18       0x18 ./Middlewares/Third_Party/LwIP/src/core/udp.o
                0x000000000800ba18                udp_init
 .text.udp_input
                0x000000000800ba30      0x1d0 ./Middlewares/Third_Party/LwIP/src/core/udp.o
                0x000000000800ba30                udp_input
 .text.udp_bind
                0x000000000800bc00       0xd0 ./Middlewares/Third_Party/LwIP/src/core/udp.o
                0x000000000800bc00                udp_bind
 .text.udp_sendto_if_src
                0x000000000800bcd0      0x150 ./Middlewares/Third_Party/LwIP/src/core/udp.o
                0x000000000800bcd0                udp_sendto_if_src
 .text.udp_sendto_if
                0x000000000800be20       0x80 ./Middlewares/Third_Party/LwIP/src/core/udp.o
                0x000000000800be20                udp_sendto_if
 .text.udp_sendto
                0x000000000800bea0       0x78 ./Middlewares/Third_Party/LwIP/src/core/udp.o
                0x000000000800bea0                udp_sendto
 .text.udp_recv
                0x000000000800bf18       0x24 ./Middlewares/Third_Party/LwIP/src/core/udp.o
                0x000000000800bf18                udp_recv
 .text.udp_remove
                0x000000000800bf3c       0x4c ./Middlewares/Third_Party/LwIP/src/core/udp.o
                0x000000000800bf3c                udp_remove
 .text.udp_new  0x000000000800bf88       0x1c ./Middlewares/Third_Party/LwIP/src/core/udp.o
                0x000000000800bf88                udp_new
 .text.udp_new_ip_type
                0x000000000800bfa4        0x4 ./Middlewares/Third_Party/LwIP/src/core/udp.o
                0x000000000800bfa4                udp_new_ip_type
 .text.udp_netif_ip_addr_changed
                0x000000000800bfa8       0x2c ./Middlewares/Third_Party/LwIP/src/core/udp.o
                0x000000000800bfa8                udp_netif_ip_addr_changed
 .text.etharp_free_entry
                0x000000000800bfd4       0x28 ./Middlewares/Third_Party/LwIP/src/core/ipv4/etharp.o
 .text.etharp_find_entry
                0x000000000800bffc      0x120 ./Middlewares/Third_Party/LwIP/src/core/ipv4/etharp.o
 .text.etharp_raw
                0x000000000800c11c       0xdc ./Middlewares/Third_Party/LwIP/src/core/ipv4/etharp.o
 .text.etharp_cleanup_netif
                0x000000000800c1f8       0x28 ./Middlewares/Third_Party/LwIP/src/core/ipv4/etharp.o
                0x000000000800c1f8                etharp_cleanup_netif
 .text.etharp_input
                0x000000000800c220      0x144 ./Middlewares/Third_Party/LwIP/src/core/ipv4/etharp.o
                0x000000000800c220                etharp_input
 .text.etharp_request
                0x000000000800c364       0x2c ./Middlewares/Third_Party/LwIP/src/core/ipv4/etharp.o
                0x000000000800c364                etharp_request
 .text.etharp_tmr
                0x000000000800c390       0x54 ./Middlewares/Third_Party/LwIP/src/core/ipv4/etharp.o
                0x000000000800c390                etharp_tmr
 .text.etharp_output_to_arp_index
                0x000000000800c3e4       0xac ./Middlewares/Third_Party/LwIP/src/core/ipv4/etharp.o
 .text.etharp_query
                0x000000000800c490      0x130 ./Middlewares/Third_Party/LwIP/src/core/ipv4/etharp.o
                0x000000000800c490                etharp_query
 .text.etharp_output
                0x000000000800c5c0      0x134 ./Middlewares/Third_Party/LwIP/src/core/ipv4/etharp.o
                0x000000000800c5c0                etharp_output
 .text.icmp_send_response.isra.0
                0x000000000800c6f4       0x90 ./Middlewares/Third_Party/LwIP/src/core/ipv4/icmp.o
 .text.icmp_input
                0x000000000800c784      0x12c ./Middlewares/Third_Party/LwIP/src/core/ipv4/icmp.o
                0x000000000800c784                icmp_input
 .text.icmp_dest_unreach
                0x000000000800c8b0        0xa ./Middlewares/Third_Party/LwIP/src/core/ipv4/icmp.o
                0x000000000800c8b0                icmp_dest_unreach
 .text.icmp_time_exceeded
                0x000000000800c8ba        0xa ./Middlewares/Third_Party/LwIP/src/core/ipv4/icmp.o
                0x000000000800c8ba                icmp_time_exceeded
 .text.ip4_input_accept
                0x000000000800c8c4       0x34 ./Middlewares/Third_Party/LwIP/src/core/ipv4/ip4.o
 .text.ip4_route
                0x000000000800c8f8       0x5c ./Middlewares/Third_Party/LwIP/src/core/ipv4/ip4.o
                0x000000000800c8f8                ip4_route
 .text.ip4_input
                0x000000000800c954      0x168 ./Middlewares/Third_Party/LwIP/src/core/ipv4/ip4.o
                0x000000000800c954                ip4_input
 .text.ip4_output_if_src
                0x000000000800cabc       0xf4 ./Middlewares/Third_Party/LwIP/src/core/ipv4/ip4.o
                0x000000000800cabc                ip4_output_if_src
 .text.ip4_output_if
                0x000000000800cbb0       0x22 ./Middlewares/Third_Party/LwIP/src/core/ipv4/ip4.o
                0x000000000800cbb0                ip4_output_if
 .text.ip4_addr_isbroadcast_u32
                0x000000000800cbd2       0x36 ./Middlewares/Third_Party/LwIP/src/core/ipv4/ip4_addr.o
                0x000000000800cbd2                ip4_addr_isbroadcast_u32
 .text.ip_reass_dequeue_datagram
                0x000000000800cc08       0x44 ./Middlewares/Third_Party/LwIP/src/core/ipv4/ip4_frag.o
 .text.ip_reass_free_complete_datagram
                0x000000000800cc4c       0xe8 ./Middlewares/Third_Party/LwIP/src/core/ipv4/ip4_frag.o
 .text.ip_reass_remove_oldest_datagram
                0x000000000800cd34       0x78 ./Middlewares/Third_Party/LwIP/src/core/ipv4/ip4_frag.o
 .text.ip_frag_free_pbuf_custom_ref
                0x000000000800cdac       0x2c ./Middlewares/Third_Party/LwIP/src/core/ipv4/ip4_frag.o
 .text.ipfrag_free_pbuf_custom
                0x000000000800cdd8       0x34 ./Middlewares/Third_Party/LwIP/src/core/ipv4/ip4_frag.o
 .text.ip_reass_tmr
                0x000000000800ce0c       0x2c ./Middlewares/Third_Party/LwIP/src/core/ipv4/ip4_frag.o
                0x000000000800ce0c                ip_reass_tmr
 .text.ip4_reass
                0x000000000800ce38      0x3b8 ./Middlewares/Third_Party/LwIP/src/core/ipv4/ip4_frag.o
                0x000000000800ce38                ip4_reass
 .text.ip4_frag
                0x000000000800d1f0      0x1d8 ./Middlewares/Third_Party/LwIP/src/core/ipv4/ip4_frag.o
                0x000000000800d1f0                ip4_frag
 .text.ethernet_input
                0x000000000800d3c8       0xa0 ./Middlewares/Third_Party/LwIP/src/netif/ethernet.o
                0x000000000800d3c8                ethernet_input
 .text.ethernet_output
                0x000000000800d468       0x70 ./Middlewares/Third_Party/LwIP/src/netif/ethernet.o
                0x000000000800d468                ethernet_output
 .text.sys_mbox_new
                0x000000000800d4d8       0x1a ./Middlewares/Third_Party/LwIP/system/OS/sys_arch.o
                0x000000000800d4d8                sys_mbox_new
 .text.sys_mbox_trypost
                0x000000000800d4f2       0x1e ./Middlewares/Third_Party/LwIP/system/OS/sys_arch.o
                0x000000000800d4f2                sys_mbox_trypost
 .text.sys_arch_mbox_fetch
                0x000000000800d510       0x3c ./Middlewares/Third_Party/LwIP/system/OS/sys_arch.o
                0x000000000800d510                sys_arch_mbox_fetch
 .text.sys_mbox_valid
                0x000000000800d54c        0xa ./Middlewares/Third_Party/LwIP/system/OS/sys_arch.o
                0x000000000800d54c                sys_mbox_valid
 *fill*         0x000000000800d556        0x2 
 .text.sys_init
                0x000000000800d558       0x14 ./Middlewares/Third_Party/LwIP/system/OS/sys_arch.o
                0x000000000800d558                sys_init
 .text.sys_mutex_new
                0x000000000800d56c       0x16 ./Middlewares/Third_Party/LwIP/system/OS/sys_arch.o
                0x000000000800d56c                sys_mutex_new
 .text.sys_mutex_lock
                0x000000000800d582        0xa ./Middlewares/Third_Party/LwIP/system/OS/sys_arch.o
                0x000000000800d582                sys_mutex_lock
 .text.sys_mutex_unlock
                0x000000000800d58c        0x6 ./Middlewares/Third_Party/LwIP/system/OS/sys_arch.o
                0x000000000800d58c                sys_mutex_unlock
 .text.sys_thread_new
                0x000000000800d592       0x2c ./Middlewares/Third_Party/LwIP/system/OS/sys_arch.o
                0x000000000800d592                sys_thread_new
 *fill*         0x000000000800d5be        0x2 
 .text.sys_arch_protect
                0x000000000800d5c0       0x18 ./Middlewares/Third_Party/LwIP/system/OS/sys_arch.o
                0x000000000800d5c0                sys_arch_protect
 .text.sys_arch_unprotect
                0x000000000800d5d8        0xc ./Middlewares/Third_Party/LwIP/system/OS/sys_arch.o
                0x000000000800d5d8                sys_arch_unprotect
 .text.std      0x000000000800d5e4       0x48 c:/st/stm32cubeide_1.8.0/stm32cubeide/plugins/com.st.stm32cube.ide.mcu.externaltools.gnu-tools-for-stm32.9-2020-q2-update.win32_2.0.0.202105311346/tools/bin/../lib/gcc/arm-none-eabi/9.3.1/../../../../arm-none-eabi/lib/thumb/v7e-m+fp/hard\libc_nano.a(lib_a-findfp.o)
 .text._cleanup_r
                0x000000000800d62c        0xc c:/st/stm32cubeide_1.8.0/stm32cubeide/plugins/com.st.stm32cube.ide.mcu.externaltools.gnu-tools-for-stm32.9-2020-q2-update.win32_2.0.0.202105311346/tools/bin/../lib/gcc/arm-none-eabi/9.3.1/../../../../arm-none-eabi/lib/thumb/v7e-m+fp/hard\libc_nano.a(lib_a-findfp.o)
                0x000000000800d62c                _cleanup_r
 .text.__sfmoreglue
                0x000000000800d638       0x2c c:/st/stm32cubeide_1.8.0/stm32cubeide/plugins/com.st.stm32cube.ide.mcu.externaltools.gnu-tools-for-stm32.9-2020-q2-update.win32_2.0.0.202105311346/tools/bin/../lib/gcc/arm-none-eabi/9.3.1/../../../../arm-none-eabi/lib/thumb/v7e-m+fp/hard\libc_nano.a(lib_a-findfp.o)
                0x000000000800d638                __sfmoreglue
 .text.__sfp_lock_acquire
                0x000000000800d664        0xc c:/st/stm32cubeide_1.8.0/stm32cubeide/plugins/com.st.stm32cube.ide.mcu.externaltools.gnu-tools-for-stm32.9-2020-q2-update.win32_2.0.0.202105311346/tools/bin/../lib/gcc/arm-none-eabi/9.3.1/../../../../arm-none-eabi/lib/thumb/v7e-m+fp/hard\libc_nano.a(lib_a-findfp.o)
                0x000000000800d664                __sfp_lock_acquire
 .text.__sfp_lock_release
                0x000000000800d670        0xc c:/st/stm32cubeide_1.8.0/stm32cubeide/plugins/com.st.stm32cube.ide.mcu.externaltools.gnu-tools-for-stm32.9-2020-q2-update.win32_2.0.0.202105311346/tools/bin/../lib/gcc/arm-none-eabi/9.3.1/../../../../arm-none-eabi/lib/thumb/v7e-m+fp/hard\libc_nano.a(lib_a-findfp.o)
                0x000000000800d670                __sfp_lock_release
 .text.__sinit_lock_acquire
                0x000000000800d67c        0xc c:/st/stm32cubeide_1.8.0/stm32cubeide/plugins/com.st.stm32cube.ide.mcu.externaltools.gnu-tools-for-stm32.9-2020-q2-update.win32_2.0.0.202105311346/tools/bin/../lib/gcc/arm-none-eabi/9.3.1/../../../../arm-none-eabi/lib/thumb/v7e-m+fp/hard\libc_nano.a(lib_a-findfp.o)
                0x000000000800d67c                __sinit_lock_acquire
 .text.__sinit_lock_release
                0x000000000800d688        0xc c:/st/stm32cubeide_1.8.0/stm32cubeide/plugins/com.st.stm32cube.ide.mcu.externaltools.gnu-tools-for-stm32.9-2020-q2-update.win32_2.0.0.202105311346/tools/bin/../lib/gcc/arm-none-eabi/9.3.1/../../../../arm-none-eabi/lib/thumb/v7e-m+fp/hard\libc_nano.a(lib_a-findfp.o)
                0x000000000800d688                __sinit_lock_release
 .text.__sinit  0x000000000800d694       0x70 c:/st/stm32cubeide_1.8.0/stm32cubeide/plugins/com.st.stm32cube.ide.mcu.externaltools.gnu-tools-for-stm32.9-2020-q2-update.win32_2.0.0.202105311346/tools/bin/../lib/gcc/arm-none-eabi/9.3.1/../../../../arm-none-eabi/lib/thumb/v7e-m+fp/hard\libc_nano.a(lib_a-findfp.o)
                0x000000000800d694                __sinit
 .text.__sfp    0x000000000800d704       0x8c c:/st/stm32cubeide_1.8.0/stm32cubeide/plugins/com.st.stm32cube.ide.mcu.externaltools.gnu-tools-for-stm32.9-2020-q2-update.win32_2.0.0.202105311346/tools/bin/../lib/gcc/arm-none-eabi/9.3.1/../../../../arm-none-eabi/lib/thumb/v7e-m+fp/hard\libc_nano.a(lib_a-findfp.o)
                0x000000000800d704                __sfp
 .text._fwalk_reent
                0x000000000800d790       0x3e c:/st/stm32cubeide_1.8.0/stm32cubeide/plugins/com.st.stm32cube.ide.mcu.externaltools.gnu-tools-for-stm32.9-2020-q2-update.win32_2.0.0.202105311346/tools/bin/../lib/gcc/arm-none-eabi/9.3.1/../../../../arm-none-eabi/lib/thumb/v7e-m+fp/hard\libc_nano.a(lib_a-fwalk.o)
                0x000000000800d790                _fwalk_reent
 *fill*         0x000000000800d7ce        0x2 
 .text.__libc_init_array