boardConfig.c:29:6:isFirstBoot	16	static
boardConfig.c:40:6:saveConfig	16	static
boardConfig.c:46:16:readConfig	8	static
boardConfig.c:53:6:LoadDefaultConfig	16	static
boardConfig.c:111:13:UartSendBytes	24	static
boardConfig.c:121:16:ModBusCRC	32	static
boardConfig.c:142:13:localipStrHandler	144	static
boardConfig.c:260:13:analogStrHandler	408	static
boardConfig.c:418:13:macStrHandler	24	static
boardConfig.c:432:13:wifiStrHandler	88	static
boardConfig.c:462:13:Set_Handle	96	static
boardConfig.c:532:8:Set_radar	16	static
boardConfig.c:537:13:serveripStrHandler	112	static
boardConfig.c:594:13:wifiserveripStrHandler	72	static
boardConfig.c:625:13:sd2078rtcStrHandler	168	static
boardConfig.c:702:13:strHandler	24	static
boardConfig.c:729:13:handler_1	16	static
boardConfig.c:734:13:handler_2	16	static
boardConfig.c:739:13:handler_3	16	static
boardConfig.c:758:6:configHandler	104	static
boardConfig.c:785:6:configRecv	16	static
