logQueue.c:58:6:initLogQueue	8	static
logQueue.c:83:13:getLogKey	136	static
logQueue.c:125:6:intoLogQueue	384	static
logQueue.c:178:6:LogPrint	280	static
logQueue.c:205:12:sendToTcp	32	static
logQueue.c:227:5:sendToTcpServer	32	static
logQueue.c:272:5:outLogQueue	384	static
logQueue.c:329:5:outErrLogQueue	384	static
logQueue.c:391:12:logClientDataHandler	24	static
logQueue.c:422:12:logClientRecvHandler	24	static
logQueue.c:455:13:logClientInit	112	static
logQueue.c:565:6:logUploadTask	16	static
