tcpServer.c:112:6:tcpServerTask	240	static
tcpServer.c:282:6:print_hex	24	static
tcpServer.c:292:6:wifiClientTask	48	static
tcpServer.c:401:6:wifi_uart_send	16	static
tcpServer.c:406:6:at_reset_send	8	static
tcpServer.c:411:6:at_cwmode_get_send	8	static
tcpServer.c:416:6:at_cwmode_set_send	8	static
tcpServer.c:421:6:at_cipmode_get_send	8	static
tcpServer.c:426:6:at_cipmode_set_send	8	static
tcpServer.c:431:6:at_cifsr_send	8	static
tcpServer.c:437:6:at_cipstatus_send	8	static
tcpServer.c:442:6:at_cwjap_send	8	static
tcpServer.c:448:6:at_cipstart_send	8	static
tcpServer.c:455:6:at_cipsend_send	8	static
tcpServer.c:460:6:at_cipsendip_send	8	static
tcpServer.c:465:6:at_plus3_send	8	static
tcpServer.c:470:6:at_modbus_send_data	8	static
tcpServer.c:476:6:wifi_at_send	8	static
tcpServer.c:540:16:str_cmp	32	static
tcpServer.c:565:16:str_cmp2	32	static
tcpServer.c:590:16:string_compare	32	static
tcpServer.c:622:9:at_cwmode_get_proc	32	static
tcpServer.c:639:9:at_cipmode_get_proc	32	static
tcpServer.c:655:9:at_cifsr_proc	32	static
tcpServer.c:675:9:at_cipstatus_proc	32	static
tcpServer.c:693:9:at_cipsend_proc	32	static
tcpServer.c:710:6:at_modbus_recv_data	24	static
tcpServer.c:723:6:wifi_at_proc	24	static
