main.c:1037:16:str_cmp	12	static
main.c:1087:16:string_compare	24	static
main.c:442:13:tftp_close	0	static
main.c:419:14:tftp_open	16	static
main.c:449:12:tftp_read	48	static
main.c:88:6:jump_to_app	0	static,ignoring_inline_asm
main.c:200:6:SystemClock_Config	88	static,ignoring_inline_asm
main.c:111:5:main	48	static,ignoring_inline_asm
main.c:363:10:writedata_to_flash	24	static
main.c:529:12:tftp_write	16	static
main.c:387:8:erase_flash	40	static
main.c:1496:6:StartDefaultTask	1168	static
main.c:577:1:__io_putchar	16	static
main.c:661:6:print_hex	16	static
main.c:899:6:wifi_uart_send	0	static
main.c:904:6:at_reset_send	0	static
main.c:909:6:at_cwmode_get_send	0	static
main.c:914:6:at_cwmode_set_send	0	static
main.c:919:6:at_cipmode_get_send	0	static
main.c:924:6:at_cipmode_set_send	0	static
main.c:929:6:at_cifsr_send	0	static
main.c:935:6:at_cipstatus_send	0	static
main.c:940:6:at_cwjap_send	8	static
main.c:946:6:at_cipstart_send	8	static
main.c:953:6:at_cipsend_send	0	static
main.c:959:6:at_plus3_send	0	static
main.c:964:6:at_modbus_send_data	0	static
main.c:973:6:wifi_at_send	8	static
main.c:1119:9:at_cwmode_get_proc	16	static
main.c:1136:9:at_cipmode_get_proc	16	static
main.c:1152:9:at_cifsr_proc	16	static
main.c:1172:9:at_cipstatus_proc	16	static
main.c:1196:9:at_cipsend_proc	16	static
main.c:1221:6:at_modbus_recv_data	56	static
main.c:1435:6:wifi_at_proc	24	static
main.c:682:6:wifiClientTask	1168	static
main.c:1649:6:Error_Handler	0	static,ignoring_inline_asm
