cJSON.c:178:17:parse_hex4	8	static
cJSON.c:193:20:parse_string	40	static
cJSON.c:321:20:skip	0	static
cJSON.c:74:15:cJSON_New_Item	8	static
cJSON.c:122:14:ensure	24	static
cJSON.c:669:15:create_reference	8	static
cJSON.c:50:14:cJSON_strdup	16	static
cJSON.c:139:12:update	8	static
cJSON.c:148:14:print_number	32	static
cJSON.c:253:14:print_string_ptr	32	static
cJSON.c:40:12:cJSON_strcasecmp	20	static
cJSON.c:358:20:parse_value	56	static
cJSON.c:435:14:print_array.isra.0	56	static
cJSON.c:373:14:print_value	8	static
cJSON.c:551:14:print_object.isra.0	72	static
cJSON.c:38:13:cJSON_GetErrorPtr	0	static
cJSON.c:61:6:cJSON_InitHooks	8	static
cJSON.c:82:6:cJSON_Delete	16	static
cJSON.c:324:8:cJSON_ParseWithOpts	32	static
cJSON.c:340:8:cJSON_Parse	0	static
cJSON.c:343:7:cJSON_Print	0	static
cJSON.c:344:7:cJSON_PrintUnformatted	0	static
cJSON.c:346:7:cJSON_PrintBuffered	40	static
cJSON.c:662:8:cJSON_GetArraySize	0	static
cJSON.c:663:8:cJSON_GetArrayItem	0	static
cJSON.c:664:8:cJSON_GetObjectItem	16	static
cJSON.c:672:8:cJSON_AddItemToArray	0	static
cJSON.c:673:8:cJSON_AddItemToObject	16	static
cJSON.c:674:8:cJSON_AddItemToObjectCS	16	static
cJSON.c:675:6:cJSON_AddItemReferenceToArray	8	static
cJSON.c:676:6:cJSON_AddItemReferenceToObject	16	static
cJSON.c:678:8:cJSON_DetachItemFromArray	12	static
cJSON.c:680:8:cJSON_DeleteItemFromArray	8	static
cJSON.c:681:8:cJSON_DetachItemFromObject	24	static
cJSON.c:682:8:cJSON_DeleteItemFromObject	8	static
cJSON.c:685:8:cJSON_InsertItemInArray	4	static
cJSON.c:687:8:cJSON_ReplaceItemInArray	8	static
cJSON.c:690:8:cJSON_ReplaceItemInObject	24	static
cJSON.c:693:8:cJSON_CreateNull	8	static
cJSON.c:694:8:cJSON_CreateTrue	8	static
cJSON.c:695:8:cJSON_CreateFalse	8	static
cJSON.c:696:8:cJSON_CreateBool	8	static
cJSON.c:697:8:cJSON_CreateNumber	16	static
cJSON.c:698:8:cJSON_CreateString	16	static
cJSON.c:699:8:cJSON_CreateArray	8	static
cJSON.c:700:8:cJSON_CreateObject	8	static
cJSON.c:703:8:cJSON_CreateIntArray	24	static
cJSON.c:704:8:cJSON_CreateFloatArray	24	static
cJSON.c:705:8:cJSON_CreateDoubleArray	24	static
cJSON.c:706:8:cJSON_CreateStringArray	24	static
cJSON.c:709:8:cJSON_Duplicate	24	static
cJSON.c:736:6:cJSON_Minify	8	static
