ethernetif.c:89:6:HAL_ETH_MspInit	64	static
ethernetif.c:144:6:HAL_ETH_MspDeInit	16	static
ethernetif.c:185:6:HAL_ETH_RxCpltCallback	16	static
ethernetif.c:204:13:low_level_init	96	static
ethernetif.c:359:14:low_level_output	48	static
ethernetif.c:443:22:low_level_input	56	static
ethernetif.c:532:6:ethernetif_input	24	static
ethernetif.c:591:7:ethernetif_init	16	static
ethernetif.c:638:7:sys_jiffies	8	static
ethernetif.c:649:7:sys_now	8	static
ethernetif.c:661:6:ethernetif_set_link	24	static
ethernetif.c:702:6:ethernetif_update_config	24	static
ethernetif.c:790:13:ethernetif_notify_conn_changed	16	static
