sd2078.c:42:13:GPIO_Configuration	32	static
sd2078.c:59:13:I2Cdelay	8	static
sd2078.c:75:13:IIC_Init	8	static
sd2078.c:87:16:I2CStart	8	static
sd2078.c:107:13:I2CStop	8	static
sd2078.c:125:13:I2CAck	8	static
sd2078.c:143:13:I2CNoAck	8	static
sd2078.c:161:16:I2CWaitAck	8	static
sd2078.c:184:13:I2CSendByte	24	static
sd2078.c:209:16:I2CReceiveByte	16	static
sd2078.c:237:16:WriteRTC_Enable	8	static
sd2078.c:285:16:WriteRTC_Disable	8	static
sd2078.c:306:9:RTC_WriteDate	16	static
sd2078.c:343:9:RTC_ReadDate	16	static
sd2078.c:406:9:I2CWriteSerial	16	static
sd2078.c:448:9:I2CReadSerial	16	static
sd2078.c:491:6:Set_CountDown	32	static
sd2078.c:512:6:Set_Alarm	32	static
sd2078.c:534:6:SetFrq	24	static
sd2078.c:548:6:ClrINT	24	static
sd2078.c:556:13:initSD2078	8	static
sd2078.c:562:6:USER_RTC_Init	112	static
